python : Some weights of the model checkpoint at dslim/bert-base-NER were not used 
when initializing BertForTokenClassification: ['bert.pooler.dense.bias', 
'bert.pooler.dense.weight']
At line:1 char:84
+ ... \backend" ; python ml/test_complex_prompts.py > test_output.txt 2>&1  ...
+                 ~~~~~~~~~~~~~~~~~~~~~~~~~~~~~~~~~~~~~~~~~~~~~~~~~~~~~~~~
    + CategoryInfo          : NotSpecified: (Some weights of....dense.weight']:Stri 
   ng) [], RemoteException
    + FullyQualifiedErrorId : NativeCommandError
 
- This IS expected if you are initializing BertForTokenClassification from the 
checkpoint of a model trained on another task or with another architecture (e.g. 
initializing a BertForSequenceClassification model from a BertForPreTraining model).
- This IS NOT expected if you are initializing BertForTokenClassification from the 
checkpoint of a model that you expect to be exactly identical (initializing a 
BertForSequenceClassification model from a BertForSequenceClassification model).
Device set to use cpu
Some weights of the model checkpoint at dslim/bert-base-NER were not used when 
initializing BertForTokenClassification: ['bert.pooler.dense.bias', 
'bert.pooler.dense.weight']
- This IS expected if you are initializing BertForTokenClassification from the 
checkpoint of a model trained on another task or with another architecture (e.g. 
initializing a BertForSequenceClassification model from a BertForPreTraining model).
- This IS NOT expected if you are initializing BertForTokenClassification from the 
checkpoint of a model that you expect to be exactly identical (initializing a 
BertForSequenceClassification model from a BertForSequenceClassification model).
Device set to use cpu
2026-01-22 20:25:25,439 - INFO - 
================================================================================
2026-01-22 20:25:25,439 - INFO - COMPREHENSIVE COMPLEX PROMPT TESTING
2026-01-22 20:25:25,439 - INFO - 
================================================================================
2026-01-22 20:25:25,439 - INFO - 
================================================================================
2026-01-22 20:25:25,439 - INFO - COMPLEX PROMPT TESTING SUITE
2026-01-22 20:25:25,439 - INFO - 
================================================================================
2026-01-22 20:25:25,439 - INFO - 
\U0001f4c1 Loading dataset...
2026-01-22 20:25:25,441 - INFO - Found 126 CSV files
2026-01-22 20:25:25,453 - INFO - Loaded 3 devices total from Apple.csv
2026-01-22 20:25:25,459 - INFO - Loaded 4 devices total from Asus.csv
2026-01-22 20:25:25,470 - INFO - Loaded 9 devices total from Garmin_Asus.csv
2026-01-22 20:25:25,472 - INFO - Loaded 10 devices total from Google.csv
2026-01-22 20:25:25,491 - INFO - Loaded 13 devices total from Motorola.csv
2026-01-22 20:25:25,500 - INFO - Loaded 23 devices total from Oneplus.csv
2026-01-22 20:25:25,500 - INFO - Loaded 55 devices total from Oppo.csv
2026-01-22 20:25:25,516 - INFO - Loaded 56 devices total from Realme.csv
2026-01-22 20:25:25,537 - INFO - Loaded 58 devices total from Samsung.csv
2026-01-22 20:25:25,563 - INFO - Loaded 270 devices total from Sony.csv
2026-01-22 20:25:25,587 - INFO - Loaded 399 devices total from Sony_Ericsson.csv
2026-01-22 20:25:25,598 - INFO - Loaded 406 devices total from Vivo.csv
2026-01-22 20:25:25,612 - INFO - Loaded 407 devices total from Xiaomi.csv
2026-01-22 20:25:25,628 - INFO - Loaded 492 devices total from Acer.csv
2026-01-22 20:25:25,640 - INFO - Loaded 493 devices total from Alcatel.csv
2026-01-22 20:25:25,652 - INFO - Loaded 651 devices total from Allview.csv
2026-01-22 20:25:25,668 - INFO - Loaded 676 devices total from Amazon.csv
2026-01-22 20:25:25,691 - INFO - Loaded 723 devices total from Amoi.csv
2026-01-22 20:25:25,701 - INFO - Loaded 766 devices total from Archos.csv
2026-01-22 20:25:25,701 - INFO - Loaded 770 devices total from At&T.csv
2026-01-22 20:25:25,701 - INFO - Loaded 779 devices total from Benefon.csv
2026-01-22 20:25:25,717 - INFO - Loaded 814 devices total from Benq.csv
2026-01-22 20:25:25,735 - INFO - Loaded 842 devices total from Benq_Siemens.csv
2026-01-22 20:25:25,748 - INFO - Loaded 914 devices total from Bird.csv
2026-01-22 20:25:25,750 - INFO - Loaded 1010 devices total from Blackberry.csv
2026-01-22 20:25:25,765 - INFO - Loaded 1012 devices total from Blackview.csv
2026-01-22 20:25:25,814 - INFO - Loaded 1389 devices total from Blu.csv
2026-01-22 20:25:25,814 - INFO - Loaded 1399 devices total from Bosch.csv
2026-01-22 20:25:25,833 - INFO - Loaded 1419 devices total from Bq.csv
2026-01-22 20:25:25,840 - INFO - Loaded 1424 devices total from Casio.csv
2026-01-22 20:25:25,850 - INFO - Loaded 1446 devices total from Cat.csv
2026-01-22 20:25:25,876 - INFO - Loaded 1665 devices total from Celkon.csv
2026-01-22 20:25:25,882 - INFO - Loaded 1677 devices total from Chea.csv
2026-01-22 20:25:25,897 - INFO - Loaded 1733 devices total from Coolpad.csv
2026-01-22 20:25:25,903 - INFO - Loaded 1734 devices total from Cubot.csv
2026-01-22 20:25:25,903 - INFO - Loaded 1754 devices total from Dell.csv
2026-01-22 20:25:25,918 - INFO - Loaded 1755 devices total from Doogee.csv
2026-01-22 20:25:25,918 - INFO - Loaded 1770 devices total from Emporia.csv
2026-01-22 20:25:25,939 - INFO - Loaded 1780 devices total from Energizer.csv
2026-01-22 20:25:25,949 - INFO - Loaded 1820 devices total from Ericsson.csv
2026-01-22 20:25:25,951 - INFO - Loaded 1842 devices total from Eten.csv
2026-01-22 20:25:25,951 - INFO - Loaded 1847 devices total from Fairphone.csv
2026-01-22 20:25:25,967 - INFO - Loaded 1849 devices total from Fujitsu_Siemens.csv
2026-01-22 20:25:25,988 - INFO - Loaded 1925 devices total from Gigabyte.csv
2026-01-22 20:25:26,000 - INFO - Loaded 2042 devices total from Gionee.csv
2026-01-22 20:25:26,016 - INFO - Loaded 2110 devices total from Haier.csv
2026-01-22 20:25:26,016 - INFO - Loaded 2112 devices total from Hmd.csv
2026-01-22 20:25:26,043 - INFO - Loaded 2147 devices total from Honor.csv
2026-01-22 20:25:26,048 - INFO - Loaded 2188 devices total from Hp.csv
2026-01-22 20:25:26,096 - INFO - Loaded 2534 devices total from Htc.csv
2026-01-22 20:25:26,097 - INFO - Loaded 2548 devices total from Huawei.csv
2026-01-22 20:25:26,112 - INFO - Loaded 2582 devices total from I_Mate.csv
2026-01-22 20:25:26,128 - INFO - Loaded 2619 devices total from I_Mobile.csv
2026-01-22 20:25:26,142 - INFO - Loaded 2691 devices total from Icemobile.csv
2026-01-22 20:25:26,155 - INFO - Loaded 2755 devices total from Infinix.csv
2026-01-22 20:25:26,159 - INFO - Loaded 2773 devices total from Innostream.csv
2026-01-22 20:25:26,168 - INFO - Loaded 2778 devices total from Inq.csv
2026-01-22 20:25:26,168 - INFO - Loaded 2793 devices total from Intex.csv
2026-01-22 20:25:26,187 - INFO - Loaded 2800 devices total from Itel.csv
2026-01-22 20:25:26,196 - INFO - Loaded 2805 devices total from Jolla.csv
2026-01-22 20:25:26,201 - INFO - Loaded 2875 devices total from Karbonn.csv
2026-01-22 20:25:26,217 - INFO - Loaded 2903 devices total from Kyocera.csv
2026-01-22 20:25:26,217 - INFO - Loaded 2905 devices total from Lava.csv
2026-01-22 20:25:26,232 - INFO - Loaded 2914 devices total from Leeco.csv
2026-01-22 20:25:26,250 - INFO - Loaded 3136 devices total from Lenovo.csv
2026-01-22 20:25:26,265 - INFO - Loaded 3170 devices total from Lg.csv
2026-01-22 20:25:26,288 - INFO - Loaded 3201 devices total from Maxon.csv
2026-01-22 20:25:26,298 - INFO - Loaded 3242 devices total from Maxwest.csv
2026-01-22 20:25:26,314 - INFO - Loaded 3366 devices total from Meizu.csv
2026-01-22 20:25:26,347 - INFO - Loaded 3630 devices total from Micromax.csv
2026-01-22 20:25:26,347 - INFO - Loaded 3662 devices total from Microsoft.csv
2026-01-22 20:25:26,362 - INFO - Loaded 3674 devices total from Mitac.csv
2026-01-22 20:25:26,376 - INFO - Loaded 3699 devices total from Mitsubishi.csv
2026-01-22 20:25:26,382 - INFO - Loaded 3707 devices total from Modu.csv
2026-01-22 20:25:26,392 - INFO - Loaded 3712 devices total from Mwg.csv
2026-01-22 20:25:26,402 - INFO - Loaded 3808 devices total from Nec.csv
2026-01-22 20:25:26,402 - INFO - Loaded 3811 devices total from Neonode.csv
2026-01-22 20:25:26,418 - INFO - Loaded 3841 devices total from Niu.csv
2026-01-22 20:25:26,434 - INFO - Loaded 3854 devices total from Nokia.csv
2026-01-22 20:25:26,442 - INFO - Loaded 3855 devices total from Nothing.csv
2026-01-22 20:25:26,449 - INFO - Loaded 3858 devices total from Nvidia.csv
2026-01-22 20:25:26,451 - INFO - Loaded 3903 devices total from O2.csv
2026-01-22 20:25:26,467 - INFO - Loaded 3922 devices total from Orange.csv
2026-01-22 20:25:26,467 - INFO - Loaded 3953 devices total from Oscal.csv
2026-01-22 20:25:26,489 - INFO - Loaded 3960 devices total from Oukitel.csv
2026-01-22 20:25:26,498 - INFO - Loaded 3977 devices total from Palm.csv
2026-01-22 20:25:26,517 - INFO - Loaded 4115 devices total from Panasonic.csv
2026-01-22 20:25:26,531 - INFO - Loaded 4209 devices total from Pantech.csv
2026-01-22 20:25:26,541 - INFO - Loaded 4219 devices total from Parla.csv
2026-01-22 20:25:26,548 - INFO - Loaded 4356 devices total from Philips.csv
2026-01-22 20:25:26,579 - INFO - Loaded 4519 devices total from Plum.csv
2026-01-22 20:25:26,593 - INFO - Loaded 4549 devices total from Posh.csv
2026-01-22 20:25:26,603 - INFO - Loaded 4611 devices total from Prestigio.csv
2026-01-22 20:25:26,612 - INFO - Loaded 4741 devices total from Qmobile.csv
2026-01-22 20:25:26,628 - INFO - Loaded 4762 devices total from Qtek.csv
2026-01-22 20:25:26,640 - INFO - Loaded 4764 devices total from Razer.csv
2026-01-22 20:25:26,648 - INFO - Loaded 4766 devices total from Rugone.csv
2026-01-22 20:25:26,652 - INFO - Loaded 4897 devices total from Sagem.csv
2026-01-22 20:25:26,668 - INFO - Loaded 4916 devices total from Sendo.csv
2026-01-22 20:25:26,684 - INFO - Loaded 4941 devices total from Sewon.csv
2026-01-22 20:25:26,700 - INFO - Reached device limit: 5000
2026-01-22 20:25:26,700 - INFO - \u2705 Loaded 5000 devices
2026-01-22 20:25:26,700 - INFO - 
\U0001f916 Training recommender...
2026-01-22 20:25:26,700 - INFO - Imputing missing specs...
2026-01-22 20:25:30,264 - INFO - Filtering invalid devices...
2026-01-22 20:25:30,280 - INFO - Kept 5000/5000 devices (filtered 0 with >2 missing 
specs)
2026-01-22 20:25:30,353 - INFO - Recommender trained on 5000 devices
2026-01-22 20:25:30,353 - INFO - \u2705 Recommender trained
2026-01-22 20:25:30,353 - INFO - 
================================================================================
2026-01-22 20:25:30,353 - INFO - TEST 1: Complex Prompt Analysis
2026-01-22 20:25:30,353 - INFO - 
================================================================================
2026-01-22 20:25:30,353 - INFO - 
\U0001f4dd Prompt:
I'm looking for a high-end gaming smartphone that won't break the bank.
    I need at least 12GB of RAM and a refresh rate of 120Hz or higher.
    The camera isn't super important, but having fast charging would be nice.
    I've been considering Samsung and OnePlus, but I'm open to other brands.
    My budget is around $800-$1000, but I could stretch to $1200 if it's really 
worth it.
    Also, 5G support would be a nice bonus.

2026-01-22 20:25:30,353 - INFO - \U0001f9e0 Advanced NLP Parsing:
2026-01-22 20:25:30,353 - INFO -    Parsed preferences:
2026-01-22 20:25:30,353 - INFO -    - query: I'm looking for a high-end gaming 
smartphone that won't break the bank. I need at least 12GB of RAM and a refresh 
rate of 120Hz or higher. The camera isn't super important, but having fast charging 
would be nice. I've been considering Samsung and OnePlus, but I'm open to other 
brands. My budget is around $800-$1000, but I could stretch to $1200 if it's really 
worth it. Also, 5G support would be a nice bonus.
2026-01-22 20:25:30,353 - INFO -    - device_type: ['mobile']
2026-01-22 20:25:30,353 - INFO -    - brand_preference: ['Samsung', 'Oneplus']
2026-01-22 20:25:30,353 - INFO -    - use_case: gaming
2026-01-22 20:25:30,353 - INFO -    - secondary_use_cases: ['photography', 'budget']
2026-01-22 20:25:30,353 - INFO -    - budget: 800.0
2026-01-22 20:25:30,353 - INFO -    - priority: balanced
2026-01-22 20:25:30,353 - INFO -    - confidence: 1.0
2026-01-22 20:25:30,353 - INFO - 
\U0001f9e0 BERT NLP Enhancement:
2026-01-22 20:25:30,526 - INFO -    Enhanced preferences:
2026-01-22 20:25:30,526 - INFO -    - query: I'm looking for a high-end gaming 
smartphone that won't break the bank. I need at least 12GB of RAM and a refresh 
rate of 120Hz or higher. The camera isn't super important, but having fast charging 
would be nice. I've been considering Samsung and OnePlus, but I'm open to other 
brands. My budget is around $800-$1000, but I could stretch to $1200 if it's really 
worth it. Also, 5G support would be a nice bonus.
2026-01-22 20:25:30,526 - INFO -    - device_type: ['mobile']
2026-01-22 20:25:30,526 - INFO -    - brand_preference: ['Samsung', 'Oneplus']
2026-01-22 20:25:30,526 - INFO -    - use_case: gaming
2026-01-22 20:25:30,526 - INFO -    - secondary_use_cases: ['photography', 'budget']
2026-01-22 20:25:30,526 - INFO -    - budget: 800.0
2026-01-22 20:25:30,526 - INFO -    - priority: balanced
2026-01-22 20:25:30,526 - INFO -    - confidence: 1.0
2026-01-22 20:25:30,526 - INFO - 
\U0001f3af Recommendations:
2026-01-22 20:25:30,542 - INFO - After filters: 0 devices remaining
2026-01-22 20:25:30,548 - WARNING - No devices after filters; relaxing min_ram_gb 
-> 1 devices
2026-01-22 20:25:30,552 - INFO - 
   1. blackberry BlackBerry Porsche Design P'9981
2026-01-22 20:25:30,552 - INFO -       Score: 0.5000
2026-01-22 20:25:30,552 - INFO -       Specs:
2026-01-22 20:25:30,552 - INFO -         - RAM: 4GB
2026-01-22 20:25:30,552 - INFO -         - Storage: 8GB
2026-01-22 20:25:30,552 - INFO -         - Camera: 13.0MP
2026-01-22 20:25:30,552 - INFO -         - Battery: 4000mAh
2026-01-22 20:25:30,552 - INFO -         - Refresh: 60Hz
2026-01-22 20:25:30,552 - INFO -         - Price: $800.0
2026-01-22 20:25:30,552 - INFO -         - 5G: \u2717
2026-01-22 20:25:30,552 - INFO - 
\U0001f4ca Analysis:
2026-01-22 20:25:30,552 - INFO -    Budget mentioned: True
2026-01-22 20:25:30,552 - INFO -    Use case detected: gaming
2026-01-22 20:25:30,552 - INFO -    Brand preference: ['Samsung', 'Oneplus']
2026-01-22 20:25:30,552 - INFO -    Device type: ['mobile']
2026-01-22 20:25:30,552 - INFO -    Feature requirements: 3 detected
2026-01-22 20:25:30,552 - INFO - 
================================================================================
2026-01-22 20:25:30,552 - INFO - TEST 2: Complex Prompt Analysis
2026-01-22 20:25:30,552 - INFO - 
================================================================================
2026-01-22 20:25:30,552 - INFO - 
\U0001f4dd Prompt:
I'm a professional photographer who needs a phone with an excellent camera system.
    I want at least 48MP main camera with optical zoom capabilities.
    The display should be high quality (OLED or AMOLED preferred) with good color 
accuracy.
    I don't need gaming performance, so I can compromise on processing power.
    However, I need plenty of RAM (at least 8GB) for running photo editing apps 
smoothly.
    My budget is flexible - I'm willing to pay up to $1500 for the right device.
    Brand preference: I like Apple and Samsung, but Google Pixel is also great for 
photography.

2026-01-22 20:25:30,552 - INFO - \U0001f9e0 Advanced NLP Parsing:
2026-01-22 20:25:30,554 - INFO -    Parsed preferences:
2026-01-22 20:25:30,554 - INFO -    - query: I'm a professional photographer who 
needs a phone with an excellent camera system. I want at least 48MP main camera 
with optical zoom capabilities. The display should be high quality (OLED or AMOLED 
preferred) with good color accuracy. I don't need gaming performance, so I can 
compromise on processing power. However, I need plenty of RAM (at least 8GB) for 
running photo editing apps smoothly. My budget is flexible - I'm willing to pay up 
to $1500 for the right device. Brand preference: I like Apple and Samsung, but 
Google Pixel is also great for photography.
2026-01-22 20:25:30,554 - INFO -    - device_type: ['mobile']
2026-01-22 20:25:30,554 - INFO -    - brand_preference: ['Apple', 'Samsung', 
'Google']
2026-01-22 20:25:30,554 - INFO -    - use_case: gaming
2026-01-22 20:25:30,554 - INFO -    - secondary_use_cases: ['photography', 
'display', 'business', 'budget']
2026-01-22 20:25:30,554 - INFO -    - budget: 1500.0
2026-01-22 20:25:30,554 - INFO -    - must_have_features: ['business']
2026-01-22 20:25:30,554 - INFO -    - nice_to_have_features: ['security', 'battery']
2026-01-22 20:25:30,554 - INFO -    - priority: camera
2026-01-22 20:25:30,554 - INFO -    - confidence: 1.0
2026-01-22 20:25:30,554 - INFO - 
\U0001f9e0 BERT NLP Enhancement:
2026-01-22 20:25:30,662 - INFO -    Enhanced preferences:
2026-01-22 20:25:30,662 - INFO -    - query: I'm a professional photographer who 
needs a phone with an excellent camera system. I want at least 48MP main camera 
with optical zoom capabilities. The display should be high quality (OLED or AMOLED 
preferred) with good color accuracy. I don't need gaming performance, so I can 
compromise on processing power. However, I need plenty of RAM (at least 8GB) for 
running photo editing apps smoothly. My budget is flexible - I'm willing to pay up 
to $1500 for the right device. Brand preference: I like Apple and Samsung, but 
Google Pixel is also great for photography.
2026-01-22 20:25:30,662 - INFO -    - device_type: ['mobile']
2026-01-22 20:25:30,662 - INFO -    - brand_preference: ['Apple', 'Samsung', 
'Google']
2026-01-22 20:25:30,662 - INFO -    - use_case: gaming
2026-01-22 20:25:30,662 - INFO -    - secondary_use_cases: ['photography', 
'display', 'business', 'budget']
2026-01-22 20:25:30,662 - INFO -    - budget: 1500.0
2026-01-22 20:25:30,662 - INFO -    - must_have_features: ['business']
2026-01-22 20:25:30,662 - INFO -    - nice_to_have_features: ['security', 'battery']
2026-01-22 20:25:30,662 - INFO -    - priority: camera
2026-01-22 20:25:30,662 - INFO -    - confidence: 1.0
2026-01-22 20:25:30,662 - INFO - 
\U0001f3af Recommendations:
2026-01-22 20:25:30,672 - INFO - After filters: 2154 devices remaining
2026-01-22 20:25:30,859 - INFO - 
   1. razer Razer Phone
2026-01-22 20:25:30,859 - INFO -       Score: 1.0000
2026-01-22 20:25:30,859 - INFO -       Specs:
2026-01-22 20:25:30,859 - INFO -         - RAM: 4GB
2026-01-22 20:25:30,859 - INFO -         - Storage: 64GB
2026-01-22 20:25:30,859 - INFO -         - Camera: 13.0MP
2026-01-22 20:25:30,859 - INFO -         - Battery: 4000mAh
2026-01-22 20:25:30,859 - INFO -         - Refresh: 60Hz
2026-01-22 20:25:30,859 - INFO -         - Price: $750.0
2026-01-22 20:25:30,859 - INFO -         - 5G: \u2717
2026-01-22 20:25:30,859 - INFO - 
   2. razer Razer Phone 2
2026-01-22 20:25:30,859 - INFO -       Score: 1.0000
2026-01-22 20:25:30,859 - INFO -       Specs:
2026-01-22 20:25:30,859 - INFO -         - RAM: 4GB
2026-01-22 20:25:30,859 - INFO -         - Storage: 64GB
2026-01-22 20:25:30,859 - INFO -         - Camera: 13MP
2026-01-22 20:25:30,859 - INFO -         - Battery: 4000mAh
2026-01-22 20:25:30,859 - INFO -         - Refresh: 60Hz
2026-01-22 20:25:30,859 - INFO -         - Price: $850.0
2026-01-22 20:25:30,859 - INFO -         - 5G: \u2717
2026-01-22 20:25:30,859 - INFO - 
   3. htc HTC Windows Phone 8X
2026-01-22 20:25:30,859 - INFO -       Score: 0.5443
2026-01-22 20:25:30,859 - INFO -       Specs:
2026-01-22 20:25:30,859 - INFO -         - RAM: 4GB
2026-01-22 20:25:30,859 - INFO -         - Storage: 16GB
2026-01-22 20:25:30,859 - INFO -         - Camera: 13.0MP
2026-01-22 20:25:30,859 - INFO -         - Battery: 4000mAh
2026-01-22 20:25:30,859 - INFO -         - Refresh: 60Hz
2026-01-22 20:25:30,859 - INFO -         - Price: $170.0
2026-01-22 20:25:30,859 - INFO -         - 5G: \u2717
2026-01-22 20:25:30,859 - INFO - 
   4. htc HTC Windows Phone 8S
2026-01-22 20:25:30,859 - INFO -       Score: 0.5443
2026-01-22 20:25:30,859 - INFO -       Specs:
2026-01-22 20:25:30,859 - INFO -         - RAM: 4GB
2026-01-22 20:25:30,859 - INFO -         - Storage: 4GB
2026-01-22 20:25:30,859 - INFO -         - Camera: 13.0MP
2026-01-22 20:25:30,859 - INFO -         - Battery: 4000mAh
2026-01-22 20:25:30,859 - INFO -         - Refresh: 60Hz
2026-01-22 20:25:30,859 - INFO -         - Price: $150.0
2026-01-22 20:25:30,859 - INFO -         - 5G: \u2717
2026-01-22 20:25:30,859 - INFO - 
   5. htc HTC Windows Phone 8X CDMA
2026-01-22 20:25:30,859 - INFO -       Score: 0.4871
2026-01-22 20:25:30,859 - INFO -       Specs:
2026-01-22 20:25:30,859 - INFO -         - RAM: 4GB
2026-01-22 20:25:30,859 - INFO -         - Storage: 16GB
2026-01-22 20:25:30,859 - INFO -         - Camera: 13.0MP
2026-01-22 20:25:30,859 - INFO -         - Battery: 4000mAh
2026-01-22 20:25:30,859 - INFO -         - Refresh: 60Hz
2026-01-22 20:25:30,859 - INFO -         - Price: $200.0
2026-01-22 20:25:30,859 - INFO -         - 5G: \u2717
2026-01-22 20:25:30,859 - INFO - 
\U0001f4ca Analysis:
2026-01-22 20:25:30,859 - INFO -    Budget mentioned: True
2026-01-22 20:25:30,859 - INFO -    Use case detected: photography
2026-01-22 20:25:30,859 - INFO -    Brand preference: ['Apple', 'Samsung', 'Google']
2026-01-22 20:25:30,859 - INFO -    Device type: ['mobile']
2026-01-22 20:25:30,859 - INFO -    Feature requirements: 1 detected
2026-01-22 20:25:30,859 - INFO - 
================================================================================
2026-01-22 20:25:30,859 - INFO - TEST 3: Complex Prompt Analysis
2026-01-22 20:25:30,859 - INFO - 
================================================================================
2026-01-22 20:25:30,859 - INFO - 
\U0001f4dd Prompt:
I travel a lot and need a phone that lasts through a full day of heavy usage.
    Battery life is my top priority - I'm looking for 5500mAh or larger.
    Fast charging is essential because I don't have much time to charge during the 
day.
    The budget is tight - I can't spend more than $400-$500.
    I need good value for money: decent processor, at least 6GB RAM, and 128GB 
storage.
    5G support isn't necessary, but expandable storage would be helpful.
    I prefer brands like Xiaomi, Realme, or Motorola which offer good value.

2026-01-22 20:25:30,859 - INFO - \U0001f9e0 Advanced NLP Parsing:
2026-01-22 20:25:30,859 - INFO -    Parsed preferences:
2026-01-22 20:25:30,859 - INFO -    - query: I travel a lot and need a phone that 
lasts through a full day of heavy usage. Battery life is my top priority - I'm 
looking for 5500mAh or larger. Fast charging is essential because I don't have much 
time to charge during the day. The budget is tight - I can't spend more than 
$400-$500. I need good value for money: decent processor, at least 6GB RAM, and 
128GB storage. 5G support isn't necessary, but expandable storage would be helpful. 
I prefer brands like Xiaomi, Realme, or Motorola which offer good value.
2026-01-22 20:25:30,859 - INFO -    - device_type: ['mobile']
2026-01-22 20:25:30,859 - INFO -    - brand_preference: ['Xiaomi', 'Realme', 
'Motorola']
2026-01-22 20:25:30,859 - INFO -    - use_case: gaming
2026-01-22 20:25:30,859 - INFO -    - secondary_use_cases: ['battery', 'budget']
2026-01-22 20:25:30,859 - INFO -    - budget: 400.0
2026-01-22 20:25:30,859 - INFO -    - must_have_features: ['battery', 
'mid_range_processor']
2026-01-22 20:25:30,859 - INFO -    - nice_to_have_features: ['dual sim', 
'lightweight', '90hz_display']
2026-01-22 20:25:30,859 - INFO -    - priority: balanced
2026-01-22 20:25:30,859 - INFO -    - confidence: 0.7
2026-01-22 20:25:30,859 - INFO - 
\U0001f9e0 BERT NLP Enhancement:
2026-01-22 20:25:30,973 - INFO -    Enhanced preferences:
2026-01-22 20:25:30,975 - INFO -    - query: I travel a lot and need a phone that 
lasts through a full day of heavy usage. Battery life is my top priority - I'm 
looking for 5500mAh or larger. Fast charging is essential because I don't have much 
time to charge during the day. The budget is tight - I can't spend more than 
$400-$500. I need good value for money: decent processor, at least 6GB RAM, and 
128GB storage. 5G support isn't necessary, but expandable storage would be helpful. 
I prefer brands like Xiaomi, Realme, or Motorola which offer good value.
2026-01-22 20:25:30,975 - INFO -    - device_type: ['mobile']
2026-01-22 20:25:30,975 - INFO -    - brand_preference: ['Xiaomi', 'Realme', 
'Motorola']
2026-01-22 20:25:30,975 - INFO -    - use_case: gaming
2026-01-22 20:25:30,975 - INFO -    - secondary_use_cases: ['battery', 'budget']
2026-01-22 20:25:30,975 - INFO -    - budget: 400.0
2026-01-22 20:25:30,975 - INFO -    - must_have_features: ['battery', 
'mid_range_processor']
2026-01-22 20:25:30,975 - INFO -    - nice_to_have_features: ['dual sim', 
'lightweight', '90hz_display']
2026-01-22 20:25:30,975 - INFO -    - priority: balanced
2026-01-22 20:25:30,975 - INFO -    - confidence: 0.7
2026-01-22 20:25:30,975 - INFO - 
\U0001f3af Recommendations:
2026-01-22 20:25:30,990 - INFO - After filters: 0 devices remaining
2026-01-22 20:25:31,001 - WARNING - No devices after filters; relaxing min_storage 
-> 0 devices
2026-01-22 20:25:31,013 - WARNING - No devices after filters; relaxing min_ram_gb 
-> 0 devices
2026-01-22 20:25:31,022 - WARNING - No devices after filters; relaxing min_battery 
-> 22 devices
2026-01-22 20:25:31,026 - INFO - 
   1. palm Palm Phone PVG100
2026-01-22 20:25:31,026 - INFO -       Score: 1.0000
2026-01-22 20:25:31,026 - INFO -       Specs:
2026-01-22 20:25:31,026 - INFO -         - RAM: 4GB
2026-01-22 20:25:31,026 - INFO -         - Storage: 32GB
2026-01-22 20:25:31,026 - INFO -         - Camera: 13MP
2026-01-22 20:25:31,026 - INFO -         - Battery: 4000mAh
2026-01-22 20:25:31,026 - INFO -         - Refresh: 60Hz
2026-01-22 20:25:31,026 - INFO -         - Price: $400.0
2026-01-22 20:25:31,026 - INFO -         - 5G: \u2717
2026-01-22 20:25:31,026 - INFO - 
   2. meizu Meizu 15
2026-01-22 20:25:31,026 - INFO -       Score: 0.0098
2026-01-22 20:25:31,026 - INFO -       Specs:
2026-01-22 20:25:31,026 - INFO -         - RAM: 4GB
2026-01-22 20:25:31,026 - INFO -         - Storage: 64GB
2026-01-22 20:25:31,026 - INFO -         - Camera: 13.0MP
2026-01-22 20:25:31,026 - INFO -         - Battery: 4000mAh
2026-01-22 20:25:31,026 - INFO -         - Refresh: 60Hz
2026-01-22 20:25:31,026 - INFO -         - Price: $400.0
2026-01-22 20:25:31,026 - INFO -         - 5G: \u2717
2026-01-22 20:25:31,026 - INFO - 
   3. lenovo Lenovo Z5 Pro GT
2026-01-22 20:25:31,026 - INFO -       Score: 0.0085
2026-01-22 20:25:31,026 - INFO -       Specs:
2026-01-22 20:25:31,026 - INFO -         - RAM: 4GB
2026-01-22 20:25:31,026 - INFO -         - Storage: 128GB
2026-01-22 20:25:31,026 - INFO -         - Camera: 13.0MP
2026-01-22 20:25:31,026 - INFO -         - Battery: 4000mAh
2026-01-22 20:25:31,026 - INFO -         - Refresh: 60Hz
2026-01-22 20:25:31,026 - INFO -         - Price: $400.0
2026-01-22 20:25:31,026 - INFO -         - 5G: \u2717
2026-01-22 20:25:31,026 - INFO - 
   4. lenovo Lenovo Z5 Pro GT
2026-01-22 20:25:31,026 - INFO -       Score: 0.0085
2026-01-22 20:25:31,026 - INFO -       Specs:
2026-01-22 20:25:31,026 - INFO -         - RAM: 4GB
2026-01-22 20:25:31,026 - INFO -         - Storage: 128GB
2026-01-22 20:25:31,026 - INFO -         - Camera: 13.0MP
2026-01-22 20:25:31,026 - INFO -         - Battery: 4000mAh
2026-01-22 20:25:31,026 - INFO -         - Refresh: 60Hz
2026-01-22 20:25:31,026 - INFO -         - Price: $400.0
2026-01-22 20:25:31,026 - INFO -         - 5G: \u2717
2026-01-22 20:25:31,026 - INFO - 
   5. meizu Meizu MX4 Pro
2026-01-22 20:25:31,026 - INFO -       Score: 0.0079
2026-01-22 20:25:31,026 - INFO -       Specs:
2026-01-22 20:25:31,026 - INFO -         - RAM: 4GB
2026-01-22 20:25:31,026 - INFO -         - Storage: 16GB
2026-01-22 20:25:31,026 - INFO -         - Camera: 13.0MP
2026-01-22 20:25:31,026 - INFO -         - Battery: 4000mAh
2026-01-22 20:25:31,026 - INFO -         - Refresh: 60Hz
2026-01-22 20:25:31,026 - INFO -         - Price: $400.0
2026-01-22 20:25:31,026 - INFO -         - 5G: \u2717
2026-01-22 20:25:31,026 - INFO - 
\U0001f4ca Analysis:
2026-01-22 20:25:31,026 - INFO -    Budget mentioned: True
2026-01-22 20:25:31,026 - INFO -    Use case detected: battery
2026-01-22 20:25:31,026 - INFO -    Brand preference: ['Xiaomi', 'Realme', 
'Motorola']
2026-01-22 20:25:31,026 - INFO -    Device type: ['mobile']
2026-01-22 20:25:31,026 - INFO -    Feature requirements: 5 detected
2026-01-22 20:25:31,026 - INFO - 
================================================================================
2026-01-22 20:25:31,026 - INFO - TEST 4: Complex Prompt Analysis
2026-01-22 20:25:31,026 - INFO - 
================================================================================
2026-01-22 20:25:31,026 - INFO - 
\U0001f4dd Prompt:
I want a phone that's good for everything but doesn't excel at any one thing in 
particular.
    It should be reliable, have a good display, decent camera, and solid battery 
life.
    I have a moderate budget of around $600-$800.
    I'm coming from an iPhone, so I'm considering Android phones.
    I want something without too many gimmicks - just a solid daily driver.
    The OnePlus 12 seems interesting, but I'm also open to Samsung Galaxy A-series 
or Motorola Edge.
    I need it to handle basic gaming and video streaming without issues.

2026-01-22 20:25:31,029 - INFO - \U0001f9e0 Advanced NLP Parsing:
2026-01-22 20:25:31,029 - INFO -    Parsed preferences:
2026-01-22 20:25:31,029 - INFO -    - query: I want a phone that's good for 
everything but doesn't excel at any one thing in particular. It should be reliable, 
have a good display, decent camera, and solid battery life. I have a moderate 
budget of around $600-$800. I'm coming from an iPhone, so I'm considering Android 
phones. I want something without too many gimmicks - just a solid daily driver. The 
OnePlus 12 seems interesting, but I'm also open to Samsung Galaxy A-series or 
Motorola Edge. I need it to handle basic gaming and video streaming without issues.
2026-01-22 20:25:31,029 - INFO -    - device_type: ['mobile']
2026-01-22 20:25:31,029 - INFO -    - brand_preference: ['Samsung', 'Oneplus', 
'Motorola']
2026-01-22 20:25:31,029 - INFO -    - use_case: gaming
2026-01-22 20:25:31,029 - INFO -    - secondary_use_cases: ['photography', 
'battery', 'display', 'budget']
2026-01-22 20:25:31,029 - INFO -    - budget: 600.0
2026-01-22 20:25:31,029 - INFO -    - avoid_features: ['too', 'issues']
2026-01-22 20:25:31,029 - INFO -    - priority: balanced
2026-01-22 20:25:31,029 - INFO -    - confidence: 1.0
2026-01-22 20:25:31,029 - INFO - 
\U0001f9e0 BERT NLP Enhancement:
2026-01-22 20:25:31,130 - INFO -    Enhanced preferences:
2026-01-22 20:25:31,130 - INFO -    - query: I want a phone that's good for 
everything but doesn't excel at any one thing in particular. It should be reliable, 
have a good display, decent camera, and solid battery life. I have a moderate 
budget of around $600-$800. I'm coming from an iPhone, so I'm considering Android 
phones. I want something without too many gimmicks - just a solid daily driver. The 
OnePlus 12 seems interesting, but I'm also open to Samsung Galaxy A-series or 
Motorola Edge. I need it to handle basic gaming and video streaming without issues.
2026-01-22 20:25:31,130 - INFO -    - device_type: ['mobile']
2026-01-22 20:25:31,130 - INFO -    - brand_preference: ['Samsung', 'Oneplus', 
'Motorola']
2026-01-22 20:25:31,130 - INFO -    - use_case: gaming
2026-01-22 20:25:31,130 - INFO -    - secondary_use_cases: ['photography', 
'battery', 'display', 'budget']
2026-01-22 20:25:31,134 - INFO -    - budget: 600.0
2026-01-22 20:25:31,134 - INFO -    - avoid_features: ['too', 'issues']
2026-01-22 20:25:31,134 - INFO -    - priority: balanced
2026-01-22 20:25:31,134 - INFO -    - confidence: 1.0
2026-01-22 20:25:31,134 - INFO - 
\U0001f3af Recommendations:
2026-01-22 20:25:31,145 - INFO - After filters: 3 devices remaining
2026-01-22 20:25:31,147 - INFO - 
   1. sharp Sharp Aquos Zero
2026-01-22 20:25:31,147 - INFO -       Score: 1.0000
2026-01-22 20:25:31,147 - INFO -       Specs:
2026-01-22 20:25:31,147 - INFO -         - RAM: 4GB
2026-01-22 20:25:31,147 - INFO -         - Storage: 128GB
2026-01-22 20:25:31,147 - INFO -         - Camera: 13.0MP
2026-01-22 20:25:31,147 - INFO -         - Battery: 4000mAh
2026-01-22 20:25:31,147 - INFO -         - Refresh: 60Hz
2026-01-22 20:25:31,147 - INFO -         - Price: $600.0
2026-01-22 20:25:31,147 - INFO -         - 5G: \u2717
2026-01-22 20:25:31,148 - INFO - 
   2. sharp Sharp Aquos sense4 plus
2026-01-22 20:25:31,148 - INFO -       Score: 0.0787
2026-01-22 20:25:31,148 - INFO -       Specs:
2026-01-22 20:25:31,148 - INFO -         - RAM: 4GB
2026-01-22 20:25:31,148 - INFO -         - Storage: 128GB
2026-01-22 20:25:31,148 - INFO -         - Camera: 13.0MP
2026-01-22 20:25:31,148 - INFO -         - Battery: 4000mAh
2026-01-22 20:25:31,148 - INFO -         - Refresh: 60Hz
2026-01-22 20:25:31,148 - INFO -         - Price: $600.0
2026-01-22 20:25:31,148 - INFO -         - 5G: \u2717
2026-01-22 20:25:31,148 - INFO - 
   3. cat Cat S75
2026-01-22 20:25:31,148 - INFO -       Score: 0.0000
2026-01-22 20:25:31,148 - INFO -       Specs:
2026-01-22 20:25:31,148 - INFO -         - RAM: 4GB
2026-01-22 20:25:31,148 - INFO -         - Storage: 128GB
2026-01-22 20:25:31,148 - INFO -         - Camera: 13MP
2026-01-22 20:25:31,148 - INFO -         - Battery: 4000mAh
2026-01-22 20:25:31,148 - INFO -         - Refresh: 60Hz
2026-01-22 20:25:31,148 - INFO -         - Price: $600.0
2026-01-22 20:25:31,148 - INFO -         - 5G: \u2713
2026-01-22 20:25:31,148 - INFO - 
\U0001f4ca Analysis:
2026-01-22 20:25:31,148 - INFO -    Budget mentioned: True
2026-01-22 20:25:31,148 - INFO -    Use case detected: video
2026-01-22 20:25:31,148 - INFO -    Brand preference: ['Samsung', 'Oneplus', 
'Motorola']
2026-01-22 20:25:31,148 - INFO -    Device type: ['mobile']
2026-01-22 20:25:31,148 - INFO -    Feature requirements: 1 detected
2026-01-22 20:25:31,148 - INFO - 
================================================================================
2026-01-22 20:25:31,148 - INFO - TEST 5: Complex Prompt Analysis
2026-01-22 20:25:31,149 - INFO - 
================================================================================
2026-01-22 20:25:31,149 - INFO - 
\U0001f4dd Prompt:
I'm a content creator looking for a phone to shoot videos on.
    I need excellent video stabilization and 4K recording capability.
    The display should be bright (at least 1000 nits) with a high refresh rate 
(120Hz+) for smooth preview.
    I need plenty of storage - 256GB minimum - for storing raw footage temporarily.
    High RAM (12GB+) is crucial for running video editing apps without lag.
    Budget: around $1200-$1500. I'm willing to pay for quality.
    Brands I trust: Apple, Samsung, and OnePlus.

2026-01-22 20:25:31,149 - INFO - \U0001f9e0 Advanced NLP Parsing:
2026-01-22 20:25:31,149 - INFO -    Parsed preferences:
2026-01-22 20:25:31,149 - INFO -    - query: I'm a content creator looking for a 
phone to shoot videos on. I need excellent video stabilization and 4K recording 
capability. The display should be bright (at least 1000 nits) with a high refresh 
rate (120Hz+) for smooth preview. I need plenty of storage - 256GB minimum - for 
storing raw footage temporarily. High RAM (12GB+) is crucial for running video 
editing apps without lag. Budget: around $1200-$1500. I'm willing to pay for 
quality. Brands I trust: Apple, Samsung, and OnePlus.
2026-01-22 20:25:31,149 - INFO -    - device_type: ['mobile', 'tablet']
2026-01-22 20:25:31,149 - INFO -    - brand_preference: ['Apple', 'Samsung', 
'Oneplus']
2026-01-22 20:25:31,149 - INFO -    - use_case: gaming
2026-01-22 20:25:31,149 - INFO -    - secondary_use_cases: ['photography', 
'display', 'budget']
2026-01-22 20:25:31,149 - INFO -    - budget: 1200.0
2026-01-22 20:25:31,149 - INFO -    - must_have_features: ['camera']
2026-01-22 20:25:31,149 - INFO -    - nice_to_have_features: ['video', 'storage', 
'display']
2026-01-22 20:25:31,149 - INFO -    - avoid_features: ['lag']
2026-01-22 20:25:31,149 - INFO -    - priority: balanced
2026-01-22 20:25:31,149 - INFO -    - confidence: 1.0
2026-01-22 20:25:31,149 - INFO - 
\U0001f9e0 BERT NLP Enhancement:
2026-01-22 20:25:31,252 - INFO -    Enhanced preferences:
2026-01-22 20:25:31,252 - INFO -    - query: I'm a content creator looking for a 
phone to shoot videos on. I need excellent video stabilization and 4K recording 
capability. The display should be bright (at least 1000 nits) with a high refresh 
rate (120Hz+) for smooth preview. I need plenty of storage - 256GB minimum - for 
storing raw footage temporarily. High RAM (12GB+) is crucial for running video 
editing apps without lag. Budget: around $1200-$1500. I'm willing to pay for 
quality. Brands I trust: Apple, Samsung, and OnePlus.
2026-01-22 20:25:31,252 - INFO -    - device_type: ['mobile', 'tablet']
2026-01-22 20:25:31,252 - INFO -    - brand_preference: ['Apple', 'Samsung', 
'Oneplus']
2026-01-22 20:25:31,252 - INFO -    - use_case: gaming
2026-01-22 20:25:31,252 - INFO -    - secondary_use_cases: ['photography', 
'display', 'budget']
2026-01-22 20:25:31,252 - INFO -    - budget: 1200.0
2026-01-22 20:25:31,252 - INFO -    - must_have_features: ['camera']
2026-01-22 20:25:31,252 - INFO -    - nice_to_have_features: ['video', 'storage', 
'display']
2026-01-22 20:25:31,252 - INFO -    - avoid_features: ['lag']
2026-01-22 20:25:31,252 - INFO -    - priority: balanced
2026-01-22 20:25:31,252 - INFO -    - confidence: 1.0
2026-01-22 20:25:31,252 - INFO - 
\U0001f3af Recommendations:
2026-01-22 20:25:31,264 - INFO - After filters: 0 devices remaining
2026-01-22 20:25:31,274 - WARNING - No devices after filters; relaxing min_storage 
-> 0 devices
2026-01-22 20:25:31,274 - WARNING - No devices passed filters even after relaxation
2026-01-22 20:25:31,274 - WARNING -    No recommendations found
2026-01-22 20:25:31,274 - INFO - 
\U0001f4ca Analysis:
2026-01-22 20:25:31,274 - INFO -    Budget mentioned: True
2026-01-22 20:25:31,274 - INFO -    Use case detected: video
2026-01-22 20:25:31,274 - INFO -    Brand preference: ['Apple', 'Samsung', 
'Oneplus']
2026-01-22 20:25:31,274 - INFO -    Device type: ['mobile', 'tablet']
2026-01-22 20:25:31,274 - INFO -    Feature requirements: 2 detected
2026-01-22 20:25:31,274 - INFO - 
================================================================================
2026-01-22 20:25:31,274 - INFO - TEST 6: Complex Prompt Analysis
2026-01-22 20:25:31,274 - INFO - 
================================================================================
2026-01-22 20:25:31,274 - INFO - 
\U0001f4dd Prompt:
I need to choose between a flagship and a mid-range phone.
    For flagship: I want the latest processor, best camera, and premium design.
    But I can't afford more than $1000.
    For mid-range: I need good performance, 5G, and reliable software updates.
    I would spend $500-$700 for a mid-range.
    Which option would be better for someone who uses their phone for work, gaming, 
and casual photography?
    I prefer brands that have good customer support.

2026-01-22 20:25:31,274 - INFO - \U0001f9e0 Advanced NLP Parsing:
2026-01-22 20:25:31,274 - INFO -    Parsed preferences:
2026-01-22 20:25:31,274 - INFO -    - query: I need to choose between a flagship 
and a mid-range phone. For flagship: I want the latest processor, best camera, and 
premium design. But I can't afford more than $1000. For mid-range: I need good 
performance, 5G, and reliable software updates. I would spend $500-$700 for a 
mid-range. Which option would be better for someone who uses their phone for work, 
gaming, and casual photography? I prefer brands that have good customer support.
2026-01-22 20:25:31,274 - INFO -    - device_type: ['mobile']
2026-01-22 20:25:31,274 - INFO -    - use_case: gaming
2026-01-22 20:25:31,274 - INFO -    - secondary_use_cases: ['photography', 
'business']
2026-01-22 20:25:31,274 - INFO -    - budget: 1000.0
2026-01-22 20:25:31,274 - INFO -    - priority: camera
2026-01-22 20:25:31,274 - INFO -    - confidence: 1.0
2026-01-22 20:25:31,274 - INFO - 
\U0001f9e0 BERT NLP Enhancement:
2026-01-22 20:25:31,365 - INFO -    Enhanced preferences:
2026-01-22 20:25:31,365 - INFO -    - query: I need to choose between a flagship 
and a mid-range phone. For flagship: I want the latest processor, best camera, and 
premium design. But I can't afford more than $1000. For mid-range: I need good 
performance, 5G, and reliable software updates. I would spend $500-$700 for a 
mid-range. Which option would be better for someone who uses their phone for work, 
gaming, and casual photography? I prefer brands that have good customer support.
2026-01-22 20:25:31,365 - INFO -    - device_type: ['mobile']
2026-01-22 20:25:31,365 - INFO -    - use_case: gaming
2026-01-22 20:25:31,365 - INFO -    - secondary_use_cases: ['photography', 
'business']
2026-01-22 20:25:31,365 - INFO -    - budget: 1000.0
2026-01-22 20:25:31,365 - INFO -    - priority: camera
2026-01-22 20:25:31,365 - INFO -    - confidence: 1.0
2026-01-22 20:25:31,365 - INFO - 
\U0001f3af Recommendations:
2026-01-22 20:25:31,379 - INFO - After filters: 0 devices remaining
2026-01-22 20:25:31,379 - WARNING - No devices passed filters even after relaxation
2026-01-22 20:25:31,379 - WARNING -    No recommendations found
2026-01-22 20:25:31,379 - INFO - 
\U0001f4ca Analysis:
2026-01-22 20:25:31,379 - INFO -    Budget mentioned: True
2026-01-22 20:25:31,379 - INFO -    Use case detected: flagship
2026-01-22 20:25:31,379 - INFO -    Brand preference: []
2026-01-22 20:25:31,379 - INFO -    Device type: ['mobile']
2026-01-22 20:25:31,379 - INFO -    Feature requirements: 1 detected
2026-01-22 20:25:31,379 - INFO - 
================================================================================
2026-01-22 20:25:31,379 - INFO - TEST 7: Complex Prompt Analysis
2026-01-22 20:25:31,379 - INFO - 
================================================================================
2026-01-22 20:25:31,379 - INFO - 
\U0001f4dd Prompt:
I'm shopping for my parents who are not tech-savvy.
    They need a phone that's simple to use with a large display.
    Performance specs aren't critical - they mostly use it for calls, messages, and 
photos.
    Budget is limited to $300-$400.
    I want something reliable with long battery life and durable build quality.
    Preferably something that gets regular software updates for at least 3-4 years.
    Maybe Samsung Galaxy A-series or something similarly straightforward?

2026-01-22 20:25:31,379 - INFO - \U0001f9e0 Advanced NLP Parsing:
2026-01-22 20:25:31,379 - INFO -    Parsed preferences:
2026-01-22 20:25:31,379 - INFO -    - query: I'm shopping for my parents who are 
not tech-savvy. They need a phone that's simple to use with a large display. 
Performance specs aren't critical - they mostly use it for calls, messages, and 
photos. Budget is limited to $300-$400. I want something reliable with long battery 
life and durable build quality. Preferably something that gets regular software 
updates for at least 3-4 years. Maybe Samsung Galaxy A-series or something 
similarly straightforward?
2026-01-22 20:25:31,379 - INFO -    - device_type: ['mobile']
2026-01-22 20:25:31,379 - INFO -    - brand_preference: ['Samsung']
2026-01-22 20:25:31,379 - INFO -    - use_case: gaming
2026-01-22 20:25:31,379 - INFO -    - secondary_use_cases: ['photography', 
'battery', 'display', 'business', 'budget']
2026-01-22 20:25:31,379 - INFO -    - budget: 300.0
2026-01-22 20:25:31,379 - INFO -    - must_have_features: ['durable', 
'mid_range_processor']
2026-01-22 20:25:31,379 - INFO -    - nice_to_have_features: ['parental controls', 
'value', '90hz_display']
2026-01-22 20:25:31,379 - INFO -    - avoid_features: ['tech']
2026-01-22 20:25:31,379 - INFO -    - priority: battery
2026-01-22 20:25:31,379 - INFO -    - confidence: 0.7
2026-01-22 20:25:31,379 - INFO - 
\U0001f9e0 BERT NLP Enhancement:
2026-01-22 20:25:31,470 - INFO -    Enhanced preferences:
2026-01-22 20:25:31,470 - INFO -    - query: I'm shopping for my parents who are 
not tech-savvy. They need a phone that's simple to use with a large display. 
Performance specs aren't critical - they mostly use it for calls, messages, and 
photos. Budget is limited to $300-$400. I want something reliable with long battery 
life and durable build quality. Preferably something that gets regular software 
updates for at least 3-4 years. Maybe Samsung Galaxy A-series or something 
similarly straightforward?
2026-01-22 20:25:31,470 - INFO -    - device_type: ['mobile']
2026-01-22 20:25:31,470 - INFO -    - brand_preference: ['Samsung']
2026-01-22 20:25:31,470 - INFO -    - use_case: gaming
2026-01-22 20:25:31,470 - INFO -    - secondary_use_cases: ['photography', 
'battery', 'display', 'business', 'budget']
2026-01-22 20:25:31,470 - INFO -    - budget: 300.0
2026-01-22 20:25:31,470 - INFO -    - must_have_features: ['durable', 
'mid_range_processor']
2026-01-22 20:25:31,470 - INFO -    - nice_to_have_features: ['parental controls', 
'value', '90hz_display']
2026-01-22 20:25:31,470 - INFO -    - avoid_features: ['tech']
2026-01-22 20:25:31,470 - INFO -    - priority: battery
2026-01-22 20:25:31,472 - INFO -    - confidence: 0.7
2026-01-22 20:25:31,472 - INFO - 
\U0001f3af Recommendations:
2026-01-22 20:25:31,485 - INFO - After filters: 0 devices remaining
2026-01-22 20:25:31,496 - WARNING - No devices after filters; relaxing min_battery 
-> 116 devices
2026-01-22 20:25:31,508 - INFO - 
   1. modu Modu Phone
2026-01-22 20:25:31,508 - INFO -       Score: 1.0000
2026-01-22 20:25:31,508 - INFO -       Specs:
2026-01-22 20:25:31,508 - INFO -         - RAM: 4GB
2026-01-22 20:25:31,508 - INFO -         - Storage: 6GB
2026-01-22 20:25:31,508 - INFO -         - Camera: 13.0MP
2026-01-22 20:25:31,508 - INFO -         - Battery: 4000mAh
2026-01-22 20:25:31,510 - INFO -         - Refresh: 60Hz
2026-01-22 20:25:31,510 - INFO -         - Price: $300
2026-01-22 20:25:31,510 - INFO -         - 5G: \u2717
2026-01-22 20:25:31,510 - INFO - 
   2. cubot Cubot KingKong Ace 5
2026-01-22 20:25:31,510 - INFO -       Score: 0.4157
2026-01-22 20:25:31,510 - INFO -       Specs:
2026-01-22 20:25:31,510 - INFO -         - RAM: 4GB
2026-01-22 20:25:31,510 - INFO -         - Storage: 256GB
2026-01-22 20:25:31,510 - INFO -         - Camera: 13MP
2026-01-22 20:25:31,510 - INFO -         - Battery: 4000mAh
2026-01-22 20:25:31,510 - INFO -         - Refresh: 60Hz
2026-01-22 20:25:31,510 - INFO -         - Price: $300
2026-01-22 20:25:31,510 - INFO -         - 5G: \u2717
2026-01-22 20:25:31,510 - INFO - 
   3. garmin_asus Garmin-Asus nuvifone M20
2026-01-22 20:25:31,510 - INFO -       Score: 0.4157
2026-01-22 20:25:31,510 - INFO -       Specs:
2026-01-22 20:25:31,510 - INFO -         - RAM: 4GB
2026-01-22 20:25:31,510 - INFO -         - Storage: 8GB
2026-01-22 20:25:31,510 - INFO -         - Camera: 13.0MP
2026-01-22 20:25:31,510 - INFO -         - Battery: 4000mAh
2026-01-22 20:25:31,510 - INFO -         - Refresh: 60Hz
2026-01-22 20:25:31,510 - INFO -         - Price: $300.0
2026-01-22 20:25:31,510 - INFO -         - 5G: \u2717
2026-01-22 20:25:31,510 - INFO - 
   4. nvidia Nvidia Shield LTE
2026-01-22 20:25:31,510 - INFO -       Score: 0.0659
2026-01-22 20:25:31,510 - INFO -       Specs:
2026-01-22 20:25:31,510 - INFO -         - RAM: 4GB
2026-01-22 20:25:31,510 - INFO -         - Storage: 32GB
2026-01-22 20:25:31,510 - INFO -         - Camera: 13.0MP
2026-01-22 20:25:31,510 - INFO -         - Battery: 4000mAh
2026-01-22 20:25:31,510 - INFO -         - Refresh: 60Hz
2026-01-22 20:25:31,510 - INFO -         - Price: $300.0
2026-01-22 20:25:31,510 - INFO -         - 5G: \u2717
2026-01-22 20:25:31,510 - INFO - 
   5. htc HTC U11
2026-01-22 20:25:31,510 - INFO -       Score: 0.0515
2026-01-22 20:25:31,510 - INFO -       Specs:
2026-01-22 20:25:31,510 - INFO -         - RAM: 4GB
2026-01-22 20:25:31,510 - INFO -         - Storage: 64GB
2026-01-22 20:25:31,510 - INFO -         - Camera: 13.0MP
2026-01-22 20:25:31,510 - INFO -         - Battery: 4000mAh
2026-01-22 20:25:31,510 - INFO -         - Refresh: 60Hz
2026-01-22 20:25:31,510 - INFO -         - Price: $300.0
2026-01-22 20:25:31,510 - INFO -         - 5G: \u2717
2026-01-22 20:25:31,510 - INFO - 
\U0001f4ca Analysis:
2026-01-22 20:25:31,510 - INFO -    Budget mentioned: True
2026-01-22 20:25:31,510 - INFO -    Use case detected: photography
2026-01-22 20:25:31,510 - INFO -    Brand preference: ['Samsung']
2026-01-22 20:25:31,510 - INFO -    Device type: ['mobile']
2026-01-22 20:25:31,510 - INFO -    Feature requirements: 4 detected
2026-01-22 20:25:31,510 - INFO - 
================================================================================
2026-01-22 20:25:31,510 - INFO - TEST 8: Complex Prompt Analysis
2026-01-22 20:25:31,510 - INFO - 
================================================================================
2026-01-22 20:25:31,510 - INFO - 
\U0001f4dd Prompt:
I'm a mobile gamer who plays PUBG, Call of Duty Mobile, and other demanding titles.
    I need the absolute best performance: latest flagship processor, 12GB+ RAM, 
120Hz+ display.
    Thermal management is important - no throttling during long gaming sessions.
    Large battery (5000mAh+) is needed because gaming drains power quickly.
    I don't care much about camera quality, but build quality and cooling are 
crucial.
    Budget is up to $1200 for the best experience.
    Should I go with Snapdragon 8 Gen 3 or Apple A19 Pro?

2026-01-22 20:25:31,510 - INFO - \U0001f9e0 Advanced NLP Parsing:
2026-01-22 20:25:31,510 - INFO -    Parsed preferences:
2026-01-22 20:25:31,510 - INFO -    - query: I'm a mobile gamer who plays PUBG, 
Call of Duty Mobile, and other demanding titles. I need the absolute best 
performance: latest flagship processor, 12GB+ RAM, 120Hz+ display. Thermal 
management is important - no throttling during long gaming sessions. Large battery 
(5000mAh+) is needed because gaming drains power quickly. I don't care much about 
camera quality, but build quality and cooling are crucial. Budget is up to $1200 
for the best experience. Should I go with Snapdragon 8 Gen 3 or Apple A19 Pro?
2026-01-22 20:25:31,510 - INFO -    - device_type: ['mobile']
2026-01-22 20:25:31,510 - INFO -    - brand_preference: ['Apple', 'OnePlus', 
'Poco', 'Realme']
2026-01-22 20:25:31,510 - INFO -    - use_case: gaming
2026-01-22 20:25:31,510 - INFO -    - secondary_use_cases: ['photography', 
'battery', 'display', 'budget']
2026-01-22 20:25:31,510 - INFO -    - budget: 1200.0
2026-01-22 20:25:31,510 - INFO -    - avoid_features: ['throttling']
2026-01-22 20:25:31,510 - INFO -    - priority: performance
2026-01-22 20:25:31,510 - INFO -    - confidence: 0.7
2026-01-22 20:25:31,510 - INFO - 
\U0001f9e0 BERT NLP Enhancement:
2026-01-22 20:25:31,618 - INFO -    Enhanced preferences:
2026-01-22 20:25:31,618 - INFO -    - query: I'm a mobile gamer who plays PUBG, 
Call of Duty Mobile, and other demanding titles. I need the absolute best 
performance: latest flagship processor, 12GB+ RAM, 120Hz+ display. Thermal 
management is important - no throttling during long gaming sessions. Large battery 
(5000mAh+) is needed because gaming drains power quickly. I don't care much about 
camera quality, but build quality and cooling are crucial. Budget is up to $1200 
for the best experience. Should I go with Snapdragon 8 Gen 3 or Apple A19 Pro?
2026-01-22 20:25:31,618 - INFO -    - device_type: ['mobile']
2026-01-22 20:25:31,618 - INFO -    - brand_preference: ['Apple', 'OnePlus', 
'Poco', 'Realme']
2026-01-22 20:25:31,618 - INFO -    - use_case: gaming
2026-01-22 20:25:31,618 - INFO -    - secondary_use_cases: ['photography', 
'battery', 'display', 'budget']
2026-01-22 20:25:31,618 - INFO -    - budget: 1200.0
2026-01-22 20:25:31,618 - INFO -    - avoid_features: ['throttling']
2026-01-22 20:25:31,618 - INFO -    - priority: performance
2026-01-22 20:25:31,618 - INFO -    - confidence: 0.7
2026-01-22 20:25:31,618 - INFO - 
\U0001f3af Recommendations:
2026-01-22 20:25:31,630 - INFO - After filters: 0 devices remaining
2026-01-22 20:25:31,640 - WARNING - No devices after filters; relaxing min_battery 
-> 2152 devices
2026-01-22 20:25:31,829 - INFO - 
   1. oneplus OnePlus Ace 6T
2026-01-22 20:25:31,829 - INFO -       Score: 1.0000
2026-01-22 20:25:31,829 - INFO -       Specs:
2026-01-22 20:25:31,829 - INFO -         - RAM: 4GB
2026-01-22 20:25:31,829 - INFO -         - Storage: 1024GB
2026-01-22 20:25:31,829 - INFO -         - Camera: 13.0MP
2026-01-22 20:25:31,829 - INFO -         - Battery: 4000mAh
2026-01-22 20:25:31,829 - INFO -         - Refresh: 60Hz
2026-01-22 20:25:31,829 - INFO -         - Price: $320.0
2026-01-22 20:25:31,829 - INFO -         - 5G: \u2713
2026-01-22 20:25:31,829 - INFO - 
   2. oneplus OnePlus Ace 6
2026-01-22 20:25:31,829 - INFO -       Score: 1.0000
2026-01-22 20:25:31,829 - INFO -       Specs:
2026-01-22 20:25:31,829 - INFO -         - RAM: 4GB
2026-01-22 20:25:31,829 - INFO -         - Storage: 1024GB
2026-01-22 20:25:31,829 - INFO -         - Camera: 13.0MP
2026-01-22 20:25:31,829 - INFO -         - Battery: 4000mAh
2026-01-22 20:25:31,829 - INFO -         - Refresh: 60Hz
2026-01-22 20:25:31,829 - INFO -         - Price: $310.0
2026-01-22 20:25:31,829 - INFO -         - 5G: \u2713
2026-01-22 20:25:31,829 - INFO - 
   3. oneplus OnePlus Turbo 6
2026-01-22 20:25:31,829 - INFO -       Score: 0.9457
2026-01-22 20:25:31,829 - INFO -       Specs:
2026-01-22 20:25:31,829 - INFO -         - RAM: 4GB
2026-01-22 20:25:31,829 - INFO -         - Storage: 256GB
2026-01-22 20:25:31,829 - INFO -         - Camera: 13MP
2026-01-22 20:25:31,829 - INFO -         - Battery: 4000mAh
2026-01-22 20:25:31,829 - INFO -         - Refresh: 60Hz
2026-01-22 20:25:31,829 - INFO -         - Price: $280.0
2026-01-22 20:25:31,829 - INFO -         - 5G: \u2713
2026-01-22 20:25:31,829 - INFO - 
   4. oneplus OnePlus Turbo 6V
2026-01-22 20:25:31,829 - INFO -       Score: 0.8467
2026-01-22 20:25:31,829 - INFO -       Specs:
2026-01-22 20:25:31,829 - INFO -         - RAM: 4GB
2026-01-22 20:25:31,829 - INFO -         - Storage: 256GB
2026-01-22 20:25:31,829 - INFO -         - Camera: 13.0MP
2026-01-22 20:25:31,829 - INFO -         - Battery: 4000mAh
2026-01-22 20:25:31,829 - INFO -         - Refresh: 60Hz
2026-01-22 20:25:31,829 - INFO -         - Price: $230.0
2026-01-22 20:25:31,829 - INFO -         - 5G: \u2713
2026-01-22 20:25:31,829 - INFO - 
   5. oneplus OnePlus Pad Go 2
2026-01-22 20:25:31,829 - INFO -       Score: 0.7496
2026-01-22 20:25:31,829 - INFO -       Specs:
2026-01-22 20:25:31,829 - INFO -         - RAM: 4GB
2026-01-22 20:25:31,829 - INFO -         - Storage: 128GB
2026-01-22 20:25:31,829 - INFO -         - Camera: 13.0MP
2026-01-22 20:25:31,829 - INFO -         - Battery: 4000mAh
2026-01-22 20:25:31,829 - INFO -         - Refresh: 60Hz
2026-01-22 20:25:31,829 - INFO -         - Price: $350.0
2026-01-22 20:25:31,829 - INFO -         - 5G: \u2713
2026-01-22 20:25:31,829 - INFO - 
\U0001f4ca Analysis:
2026-01-22 20:25:31,829 - INFO -    Budget mentioned: True
2026-01-22 20:25:31,829 - INFO -    Use case detected: gaming
2026-01-22 20:25:31,829 - INFO -    Brand preference: ['Apple', 'OnePlus', 'Poco', 
'Realme']
2026-01-22 20:25:31,829 - INFO -    Device type: ['mobile']
2026-01-22 20:25:31,829 - INFO -    Feature requirements: 3 detected
2026-01-22 20:25:31,829 - INFO - 
================================================================================
2026-01-22 20:25:31,829 - INFO - TEST 9: Complex Prompt Analysis
2026-01-22 20:25:31,829 - INFO - 
================================================================================
2026-01-22 20:25:31,829 - INFO - 
\U0001f4dd Prompt:
I want to upgrade from my OnePlus 9 Pro.
    I loved the speed and fast charging on that phone.
    I want similar features but with better camera quality this time.
    My budget is $900-$1100.
    I need a phone that feels premium - metal and glass build, not plastic.
    Display quality is important to me: OLED, 120Hz, and HDR support.
    I'm open to exploring other brands like Samsung or Google Pixel this time.
    I also value getting software updates quickly and for a long time.

2026-01-22 20:25:31,829 - INFO - \U0001f9e0 Advanced NLP Parsing:
2026-01-22 20:25:31,829 - INFO -    Parsed preferences:
2026-01-22 20:25:31,829 - INFO -    - query: I want to upgrade from my OnePlus 9 
Pro. I loved the speed and fast charging on that phone. I want similar features but 
with better camera quality this time. My budget is $900-$1100. I need a phone that 
feels premium - metal and glass build, not plastic. Display quality is important to 
me: OLED, 120Hz, and HDR support. I'm open to exploring other brands like Samsung 
or Google Pixel this time. I also value getting software updates quickly and for a 
long time.
2026-01-22 20:25:31,829 - INFO -    - device_type: ['mobile']
2026-01-22 20:25:31,829 - INFO -    - brand_preference: ['Samsung', 'Google', 
'Oneplus', 'OnePlus', 'Poco', 'Realme']
2026-01-22 20:25:31,829 - INFO -    - use_case: gaming
2026-01-22 20:25:31,829 - INFO -    - secondary_use_cases: ['photography', 
'display', 'budget']
2026-01-22 20:25:31,829 - INFO -    - budget: 900.0
2026-01-22 20:25:31,829 - INFO -    - avoid_features: ['plastic']
2026-01-22 20:25:31,829 - INFO -    - context_references: ['my']
2026-01-22 20:25:31,829 - INFO -    - priority: balanced
2026-01-22 20:25:31,829 - INFO -    - confidence: 0.7
2026-01-22 20:25:31,829 - INFO - 
\U0001f9e0 BERT NLP Enhancement:
2026-01-22 20:25:31,931 - INFO -    Enhanced preferences:
2026-01-22 20:25:31,931 - INFO -    - query: I want to upgrade from my OnePlus 9 
Pro. I loved the speed and fast charging on that phone. I want similar features but 
with better camera quality this time. My budget is $900-$1100. I need a phone that 
feels premium - metal and glass build, not plastic. Display quality is important to 
me: OLED, 120Hz, and HDR support. I'm open to exploring other brands like Samsung 
or Google Pixel this time. I also value getting software updates quickly and for a 
long time.
2026-01-22 20:25:31,931 - INFO -    - device_type: ['mobile']
2026-01-22 20:25:31,931 - INFO -    - brand_preference: ['Samsung', 'Google', 
'Oneplus', 'OnePlus', 'Poco', 'Realme']
2026-01-22 20:25:31,931 - INFO -    - use_case: gaming
2026-01-22 20:25:31,931 - INFO -    - secondary_use_cases: ['photography', 
'display', 'budget']
2026-01-22 20:25:31,931 - INFO -    - budget: 900.0
2026-01-22 20:25:31,931 - INFO -    - avoid_features: ['plastic']
2026-01-22 20:25:31,931 - INFO -    - context_references: ['my']
2026-01-22 20:25:31,931 - INFO -    - priority: balanced
2026-01-22 20:25:31,931 - INFO -    - confidence: 0.7
2026-01-22 20:25:31,931 - INFO - 
\U0001f3af Recommendations:
2026-01-22 20:25:31,946 - INFO - After filters: 0 devices remaining
2026-01-22 20:25:31,946 - WARNING - No devices passed filters even after relaxation
2026-01-22 20:25:31,946 - WARNING -    No recommendations found
2026-01-22 20:25:31,946 - INFO - 
\U0001f4ca Analysis:
2026-01-22 20:25:31,946 - INFO -    Budget mentioned: True
2026-01-22 20:25:31,946 - INFO -    Use case detected: flagship
2026-01-22 20:25:31,946 - INFO -    Brand preference: ['Samsung', 'Google', 
'Oneplus', 'OnePlus', 'Poco', 'Realme']
2026-01-22 20:25:31,946 - INFO -    Device type: ['mobile']
2026-01-22 20:25:31,946 - INFO -    Feature requirements: 1 detected
2026-01-22 20:25:31,946 - INFO - 
================================================================================
2026-01-22 20:25:31,946 - INFO - TEST 10: Complex Prompt Analysis
2026-01-22 20:25:31,946 - INFO - 
================================================================================
2026-01-22 20:25:31,946 - INFO - 
\U0001f4dd Prompt:
I need a tablet-phone hybrid device.
    A large display (6.5+ inches) is essential for productivity tasks.
    I need good multitasking capability with at least 8GB RAM.
    I want a stylus or good hand-writing support for note-taking.
    Camera quality should be decent for video calls and document scanning.
    Budget around $800-$1000.
    Should I consider iPad, Samsung Galaxy Tab S, or a large Android phone like a 
phablet?

2026-01-22 20:25:31,946 - INFO - \U0001f9e0 Advanced NLP Parsing:
2026-01-22 20:25:31,947 - INFO -    Parsed preferences:
2026-01-22 20:25:31,947 - INFO -    - query: I need a tablet-phone hybrid device. A 
large display (6.5+ inches) is essential for productivity tasks. I need good 
multitasking capability with at least 8GB RAM. I want a stylus or good hand-writing 
support for note-taking. Camera quality should be decent for video calls and 
document scanning. Budget around $800-$1000. Should I consider iPad, Samsung Galaxy 
Tab S, or a large Android phone like a phablet?
2026-01-22 20:25:31,947 - INFO -    - device_type: ['mobile', 'tablet']
2026-01-22 20:25:31,947 - INFO -    - brand_preference: ['Samsung']
2026-01-22 20:25:31,947 - INFO -    - use_case: photography
2026-01-22 20:25:31,947 - INFO -    - secondary_use_cases: ['display', 'business', 
'budget']
2026-01-22 20:25:31,947 - INFO -    - budget: 800.0
2026-01-22 20:25:31,947 - INFO -    - priority: balanced
2026-01-22 20:25:31,947 - INFO -    - confidence: 1.0
2026-01-22 20:25:31,947 - INFO - 
\U0001f9e0 BERT NLP Enhancement:
2026-01-22 20:25:32,037 - INFO -    Enhanced preferences:
2026-01-22 20:25:32,037 - INFO -    - query: I need a tablet-phone hybrid device. A 
large display (6.5+ inches) is essential for productivity tasks. I need good 
multitasking capability with at least 8GB RAM. I want a stylus or good hand-writing 
support for note-taking. Camera quality should be decent for video calls and 
document scanning. Budget around $800-$1000. Should I consider iPad, Samsung Galaxy 
Tab S, or a large Android phone like a phablet?
2026-01-22 20:25:32,037 - INFO -    - device_type: ['mobile', 'tablet']
2026-01-22 20:25:32,037 - INFO -    - brand_preference: ['Samsung']
2026-01-22 20:25:32,037 - INFO -    - use_case: photography
2026-01-22 20:25:32,037 - INFO -    - secondary_use_cases: ['display', 'business', 
'budget']
2026-01-22 20:25:32,037 - INFO -    - budget: 800.0
2026-01-22 20:25:32,037 - INFO -    - priority: balanced
2026-01-22 20:25:32,037 - INFO -    - confidence: 1.0
2026-01-22 20:25:32,037 - INFO - 
\U0001f3af Recommendations:
2026-01-22 20:25:32,047 - INFO - After filters: 0 devices remaining
2026-01-22 20:25:32,053 - WARNING - No devices after filters; relaxing min_ram_gb 
-> 1 devices
2026-01-22 20:25:32,053 - INFO - 
   1. blackberry BlackBerry Porsche Design P'9981
2026-01-22 20:25:32,053 - INFO -       Score: 0.5000
2026-01-22 20:25:32,053 - INFO -       Specs:
2026-01-22 20:25:32,053 - INFO -         - RAM: 4GB
2026-01-22 20:25:32,053 - INFO -         - Storage: 8GB
2026-01-22 20:25:32,053 - INFO -         - Camera: 13.0MP
2026-01-22 20:25:32,053 - INFO -         - Battery: 4000mAh
2026-01-22 20:25:32,053 - INFO -         - Refresh: 60Hz
2026-01-22 20:25:32,053 - INFO -         - Price: $800.0
2026-01-22 20:25:32,053 - INFO -         - 5G: \u2717
2026-01-22 20:25:32,053 - INFO - 
\U0001f4ca Analysis:
2026-01-22 20:25:32,053 - INFO -    Budget mentioned: True
2026-01-22 20:25:32,053 - INFO -    Use case detected: balanced
2026-01-22 20:25:32,053 - INFO -    Brand preference: ['Samsung']
2026-01-22 20:25:32,053 - INFO -    Device type: ['mobile', 'tablet']
2026-01-22 20:25:32,053 - INFO -    Feature requirements: 3 detected
2026-01-22 20:25:32,053 - INFO - 
================================================================================
2026-01-22 20:25:32,053 - INFO - TEST 11: Complex Prompt Analysis
2026-01-22 20:25:32,053 - INFO - 
================================================================================
2026-01-22 20:25:32,053 - INFO - 
\U0001f4dd Prompt:
I'm not willing to spend more than $300 on a phone.
    I need it to be durable - I'm clumsy and drop my phones often.
    Battery life should last at least a full day with moderate usage.
    I need a microSD card slot for expandable storage since internal storage will 
be limited.
    The processor doesn't need to be cutting-edge, but it should handle everyday 
apps smoothly.
    Which brands offer the best durability and reliability in the budget segment?
    Motorola, Xiaomi, or Realme?

2026-01-22 20:25:32,053 - INFO - \U0001f9e0 Advanced NLP Parsing:
2026-01-22 20:25:32,053 - INFO -    Parsed preferences:
2026-01-22 20:25:32,053 - INFO -    - query: I'm not willing to spend more than 
$300 on a phone. I need it to be durable - I'm clumsy and drop my phones often. 
Battery life should last at least a full day with moderate usage. I need a microSD 
card slot for expandable storage since internal storage will be limited. The 
processor doesn't need to be cutting-edge, but it should handle everyday apps 
smoothly. Which brands offer the best durability and reliability in the budget 
segment? Motorola, Xiaomi, or Realme?
2026-01-22 20:25:32,053 - INFO -    - device_type: ['mobile']
2026-01-22 20:25:32,053 - INFO -    - brand_preference: ['Xiaomi', 'Realme', 
'Motorola']
2026-01-22 20:25:32,053 - INFO -    - use_case: gaming
2026-01-22 20:25:32,053 - INFO -    - secondary_use_cases: ['battery', 'budget']
2026-01-22 20:25:32,053 - INFO -    - budget: 300.0
2026-01-22 20:25:32,053 - INFO -    - must_have_features: ['mid_range_processor']
2026-01-22 20:25:32,053 - INFO -    - nice_to_have_features: ['90hz_display']
2026-01-22 20:25:32,053 - INFO -    - avoid_features: ['willing']
2026-01-22 20:25:32,053 - INFO -    - priority: balanced
2026-01-22 20:25:32,053 - INFO -    - confidence: 0.7
2026-01-22 20:25:32,053 - INFO - 
\U0001f9e0 BERT NLP Enhancement:
2026-01-22 20:25:32,153 - INFO -    Enhanced preferences:
2026-01-22 20:25:32,153 - INFO -    - query: I'm not willing to spend more than 
$300 on a phone. I need it to be durable - I'm clumsy and drop my phones often. 
Battery life should last at least a full day with moderate usage. I need a microSD 
card slot for expandable storage since internal storage will be limited. The 
processor doesn't need to be cutting-edge, but it should handle everyday apps 
smoothly. Which brands offer the best durability and reliability in the budget 
segment? Motorola, Xiaomi, or Realme?
2026-01-22 20:25:32,153 - INFO -    - device_type: ['mobile']
2026-01-22 20:25:32,153 - INFO -    - brand_preference: ['Xiaomi', 'Realme', 
'Motorola']
2026-01-22 20:25:32,153 - INFO -    - use_case: gaming
2026-01-22 20:25:32,153 - INFO -    - secondary_use_cases: ['battery', 'budget']
2026-01-22 20:25:32,153 - INFO -    - budget: 300.0
2026-01-22 20:25:32,153 - INFO -    - must_have_features: ['mid_range_processor']
2026-01-22 20:25:32,153 - INFO -    - nice_to_have_features: ['90hz_display']
2026-01-22 20:25:32,153 - INFO -    - avoid_features: ['willing']
2026-01-22 20:25:32,153 - INFO -    - priority: balanced
2026-01-22 20:25:32,153 - INFO -    - confidence: 0.7
2026-01-22 20:25:32,153 - INFO - 
\U0001f3af Recommendations:
2026-01-22 20:25:32,164 - INFO - After filters: 1859 devices remaining
2026-01-22 20:25:32,340 - INFO - 
   1. htc HTC U11 Life
2026-01-22 20:25:32,340 - INFO -       Score: 1.0000
2026-01-22 20:25:32,340 - INFO -       Specs:
2026-01-22 20:25:32,340 - INFO -         - RAM: 4GB
2026-01-22 20:25:32,340 - INFO -         - Storage: 32GB
2026-01-22 20:25:32,340 - INFO -         - Camera: 13.0MP
2026-01-22 20:25:32,340 - INFO -         - Battery: 4000mAh
2026-01-22 20:25:32,340 - INFO -         - Refresh: 60Hz
2026-01-22 20:25:32,340 - INFO -         - Price: $210.0
2026-01-22 20:25:32,340 - INFO -         - 5G: \u2717
2026-01-22 20:25:32,341 - INFO - 
   2. htc HTC U12 life
2026-01-22 20:25:32,341 - INFO -       Score: 0.6346
2026-01-22 20:25:32,341 - INFO -       Specs:
2026-01-22 20:25:32,341 - INFO -         - RAM: 4GB
2026-01-22 20:25:32,341 - INFO -         - Storage: 64GB
2026-01-22 20:25:32,341 - INFO -         - Camera: 13.0MP
2026-01-22 20:25:32,341 - INFO -         - Battery: 4000mAh
2026-01-22 20:25:32,341 - INFO -         - Refresh: 60Hz
2026-01-22 20:25:32,341 - INFO -         - Price: $230.0
2026-01-22 20:25:32,341 - INFO -         - 5G: \u2717
2026-01-22 20:25:32,341 - INFO - 
   3. htc HTC Windows Phone 8X
2026-01-22 20:25:32,341 - INFO -       Score: 0.5995
2026-01-22 20:25:32,341 - INFO -       Specs:
2026-01-22 20:25:32,341 - INFO -         - RAM: 4GB
2026-01-22 20:25:32,341 - INFO -         - Storage: 16GB
2026-01-22 20:25:32,341 - INFO -         - Camera: 13.0MP
2026-01-22 20:25:32,341 - INFO -         - Battery: 4000mAh
2026-01-22 20:25:32,341 - INFO -         - Refresh: 60Hz
2026-01-22 20:25:32,341 - INFO -         - Price: $170.0
2026-01-22 20:25:32,341 - INFO -         - 5G: \u2717
2026-01-22 20:25:32,341 - INFO - 
   4. htc HTC Windows Phone 8S
2026-01-22 20:25:32,342 - INFO -       Score: 0.5995
2026-01-22 20:25:32,342 - INFO -       Specs:
2026-01-22 20:25:32,342 - INFO -         - RAM: 4GB
2026-01-22 20:25:32,342 - INFO -         - Storage: 4GB
2026-01-22 20:25:32,342 - INFO -         - Camera: 13.0MP
2026-01-22 20:25:32,342 - INFO -         - Battery: 4000mAh
2026-01-22 20:25:32,342 - INFO -         - Refresh: 60Hz
2026-01-22 20:25:32,342 - INFO -         - Price: $150.0
2026-01-22 20:25:32,342 - INFO -         - 5G: \u2717
2026-01-22 20:25:32,342 - INFO - 
   5. blu BLU Life Pure
2026-01-22 20:25:32,342 - INFO -       Score: 0.5733
2026-01-22 20:25:32,342 - INFO -       Specs:
2026-01-22 20:25:32,342 - INFO -         - RAM: 4GB
2026-01-22 20:25:32,342 - INFO -         - Storage: 32GB
2026-01-22 20:25:32,342 - INFO -         - Camera: 13.0MP
2026-01-22 20:25:32,342 - INFO -         - Battery: 4000mAh
2026-01-22 20:25:32,342 - INFO -         - Refresh: 60Hz
2026-01-22 20:25:32,342 - INFO -         - Price: $240.0
2026-01-22 20:25:32,342 - INFO -         - 5G: \u2717
2026-01-22 20:25:32,342 - INFO - 
\U0001f4ca Analysis:
2026-01-22 20:25:32,342 - INFO -    Budget mentioned: True
2026-01-22 20:25:32,342 - INFO -    Use case detected: battery
2026-01-22 20:25:32,342 - INFO -    Brand preference: ['Xiaomi', 'Realme', 
'Motorola']
2026-01-22 20:25:32,342 - INFO -    Device type: ['mobile']
2026-01-22 20:25:32,342 - INFO -    Feature requirements: 2 detected
2026-01-22 20:25:32,342 - INFO - 
================================================================================
2026-01-22 20:25:32,342 - INFO - TEST 12: Complex Prompt Analysis
2026-01-22 20:25:32,342 - INFO - 
================================================================================
2026-01-22 20:25:32,342 - INFO - 
\U0001f4dd Prompt:
I've been using an iPhone for years but want to try Android finally.
    I'm looking for something that feels as premium as my iPhone and is easy to 
switch to.
    I want a phone that matches or beats iPhone's camera system.
    The display should be excellent - OLED or mini-LED, 120Hz+.
    Fast performance is important - I want a Snapdragon 8 Gen 3 or equivalent.
    I can spend up to $1400.
    Should I go with Samsung Galaxy S24 Ultra or Google Pixel 9 Pro?

2026-01-22 20:25:32,342 - INFO - \U0001f9e0 Advanced NLP Parsing:
2026-01-22 20:25:32,342 - INFO -    Parsed preferences:
2026-01-22 20:25:32,343 - INFO -    - query: I've been using an iPhone for years 
but want to try Android finally. I'm looking for something that feels as premium as 
my iPhone and is easy to switch to. I want a phone that matches or beats iPhone's 
camera system. The display should be excellent - OLED or mini-LED, 120Hz+. Fast 
performance is important - I want a Snapdragon 8 Gen 3 or equivalent. I can spend 
up to $1400. Should I go with Samsung Galaxy S24 Ultra or Google Pixel 9 Pro?
2026-01-22 20:25:32,343 - INFO -    - device_type: ['mobile']
2026-01-22 20:25:32,343 - INFO -    - brand_preference: ['Samsung', 'Google']
2026-01-22 20:25:32,343 - INFO -    - use_case: gaming
2026-01-22 20:25:32,343 - INFO -    - secondary_use_cases: ['photography', 
'display']
2026-01-22 20:25:32,343 - INFO -    - budget: 1400.0
2026-01-22 20:25:32,343 - INFO -    - priority: balanced
2026-01-22 20:25:32,343 - INFO -    - confidence: 1.0
2026-01-22 20:25:32,343 - INFO - 
\U0001f9e0 BERT NLP Enhancement:
2026-01-22 20:25:32,442 - INFO -    Enhanced preferences:
2026-01-22 20:25:32,442 - INFO -    - query: I've been using an iPhone for years 
but want to try Android finally. I'm looking for something that feels as premium as 
my iPhone and is easy to switch to. I want a phone that matches or beats iPhone's 
camera system. The display should be excellent - OLED or mini-LED, 120Hz+. Fast 
performance is important - I want a Snapdragon 8 Gen 3 or equivalent. I can spend 
up to $1400. Should I go with Samsung Galaxy S24 Ultra or Google Pixel 9 Pro?
2026-01-22 20:25:32,442 - INFO -    - device_type: ['mobile']
2026-01-22 20:25:32,442 - INFO -    - brand_preference: ['Samsung', 'Google']
2026-01-22 20:25:32,442 - INFO -    - use_case: gaming
2026-01-22 20:25:32,442 - INFO -    - secondary_use_cases: ['photography', 
'display']
2026-01-22 20:25:32,442 - INFO -    - budget: 1400.0
2026-01-22 20:25:32,442 - INFO -    - priority: balanced
2026-01-22 20:25:32,442 - INFO -    - confidence: 1.0
2026-01-22 20:25:32,442 - INFO - 
\U0001f3af Recommendations:
2026-01-22 20:25:32,453 - INFO - After filters: 0 devices remaining
2026-01-22 20:25:32,453 - WARNING - No devices passed filters even after relaxation
2026-01-22 20:25:32,453 - WARNING -    No recommendations found
2026-01-22 20:25:32,453 - INFO - 
\U0001f4ca Analysis:
2026-01-22 20:25:32,453 - INFO -    Budget mentioned: True
2026-01-22 20:25:32,453 - INFO -    Use case detected: flagship
2026-01-22 20:25:32,453 - INFO -    Brand preference: ['Samsung', 'Google']
2026-01-22 20:25:32,453 - INFO -    Device type: ['mobile']
2026-01-22 20:25:32,453 - INFO -    Feature requirements: 1 detected
2026-01-22 20:25:32,453 - INFO - 
================================================================================
2026-01-22 20:25:32,453 - INFO - TEST 13: Complex Prompt Analysis
2026-01-22 20:25:32,453 - INFO - 
================================================================================
2026-01-22 20:25:32,453 - INFO - 
\U0001f4dd Prompt:
I work in a professional environment and need a business phone.
    The build quality must be excellent - premium materials, not plastic.
    Security features like fingerprint sensor and face recognition are important.
    I need excellent speakers for conference calls and video meetings.
    Battery life should be solid - at least 12 hours of mixed usage.
    I prefer clean Android (minimal bloatware) or iOS.
    Budget: up to $900 for a reliable business device.
    I heard about Samsung Galaxy S24 and iPhone 15 Pro, are they good for this?

2026-01-22 20:25:32,453 - INFO - \U0001f9e0 Advanced NLP Parsing:
2026-01-22 20:25:32,453 - INFO -    Parsed preferences:
2026-01-22 20:25:32,453 - INFO -    - query: I work in a professional environment 
and need a business phone. The build quality must be excellent - premium materials, 
not plastic. Security features like fingerprint sensor and face recognition are 
important. I need excellent speakers for conference calls and video meetings. 
Battery life should be solid - at least 12 hours of mixed usage. I prefer clean 
Android (minimal bloatware) or iOS. Budget: up to $900 for a reliable business 
device. I heard about Samsung Galaxy S24 and iPhone 15 Pro, are they good for this?
2026-01-22 20:25:32,453 - INFO -    - device_type: ['mobile']
2026-01-22 20:25:32,453 - INFO -    - brand_preference: ['Samsung', 'OnePlus', 
'Poco', 'Realme']
2026-01-22 20:25:32,453 - INFO -    - use_case: photography
2026-01-22 20:25:32,453 - INFO -    - secondary_use_cases: ['battery', 'business', 
'budget']
2026-01-22 20:25:32,453 - INFO -    - budget: 900.0
2026-01-22 20:25:32,453 - INFO -    - must_have_features: ['business']
2026-01-22 20:25:32,453 - INFO -    - nice_to_have_features: ['security', 'battery']
2026-01-22 20:25:32,453 - INFO -    - avoid_features: ['plastic']
2026-01-22 20:25:32,453 - INFO -    - priority: balanced
2026-01-22 20:25:32,453 - INFO -    - confidence: 0.7
2026-01-22 20:25:32,453 - INFO - 
\U0001f9e0 BERT NLP Enhancement:
2026-01-22 20:25:32,549 - INFO -    Enhanced preferences:
2026-01-22 20:25:32,549 - INFO -    - query: I work in a professional environment 
and need a business phone. The build quality must be excellent - premium materials, 
not plastic. Security features like fingerprint sensor and face recognition are 
important. I need excellent speakers for conference calls and video meetings. 
Battery life should be solid - at least 12 hours of mixed usage. I prefer clean 
Android (minimal bloatware) or iOS. Budget: up to $900 for a reliable business 
device. I heard about Samsung Galaxy S24 and iPhone 15 Pro, are they good for this?
2026-01-22 20:25:32,549 - INFO -    - device_type: ['mobile']
2026-01-22 20:25:32,549 - INFO -    - brand_preference: ['Samsung', 'OnePlus', 
'Poco', 'Realme']
2026-01-22 20:25:32,549 - INFO -    - use_case: photography
2026-01-22 20:25:32,549 - INFO -    - secondary_use_cases: ['battery', 'business', 
'budget']
2026-01-22 20:25:32,549 - INFO -    - budget: 900.0
2026-01-22 20:25:32,549 - INFO -    - must_have_features: ['business']
2026-01-22 20:25:32,549 - INFO -    - nice_to_have_features: ['security', 'battery']
2026-01-22 20:25:32,549 - INFO -    - avoid_features: ['plastic']
2026-01-22 20:25:32,549 - INFO -    - priority: balanced
2026-01-22 20:25:32,549 - INFO -    - confidence: 0.7
2026-01-22 20:25:32,549 - INFO - 
\U0001f3af Recommendations:
2026-01-22 20:25:32,560 - INFO - After filters: 2142 devices remaining
2026-01-22 20:25:32,749 - INFO - 
   1. oneplus OnePlus Ace 6
2026-01-22 20:25:32,749 - INFO -       Score: 1.0000
2026-01-22 20:25:32,749 - INFO -       Specs:
2026-01-22 20:25:32,749 - INFO -         - RAM: 4GB
2026-01-22 20:25:32,749 - INFO -         - Storage: 1024GB
2026-01-22 20:25:32,749 - INFO -         - Camera: 13.0MP
2026-01-22 20:25:32,749 - INFO -         - Battery: 4000mAh
2026-01-22 20:25:32,749 - INFO -         - Refresh: 60Hz
2026-01-22 20:25:32,749 - INFO -         - Price: $310.0
2026-01-22 20:25:32,749 - INFO -         - 5G: \u2713
2026-01-22 20:25:32,749 - INFO - 
   2. oneplus OnePlus Ace 6T
2026-01-22 20:25:32,749 - INFO -       Score: 1.0000
2026-01-22 20:25:32,749 - INFO -       Specs:
2026-01-22 20:25:32,749 - INFO -         - RAM: 4GB
2026-01-22 20:25:32,749 - INFO -         - Storage: 1024GB
2026-01-22 20:25:32,749 - INFO -         - Camera: 13.0MP
2026-01-22 20:25:32,749 - INFO -         - Battery: 4000mAh
2026-01-22 20:25:32,749 - INFO -         - Refresh: 60Hz
2026-01-22 20:25:32,750 - INFO -         - Price: $320.0
2026-01-22 20:25:32,750 - INFO -         - 5G: \u2713
2026-01-22 20:25:32,750 - INFO - 
   3. oneplus OnePlus Pad Go 2
2026-01-22 20:25:32,750 - INFO -       Score: 0.9482
2026-01-22 20:25:32,750 - INFO -       Specs:
2026-01-22 20:25:32,750 - INFO -         - RAM: 4GB
2026-01-22 20:25:32,750 - INFO -         - Storage: 128GB
2026-01-22 20:25:32,750 - INFO -         - Camera: 13.0MP
2026-01-22 20:25:32,750 - INFO -         - Battery: 4000mAh
2026-01-22 20:25:32,750 - INFO -         - Refresh: 60Hz
2026-01-22 20:25:32,750 - INFO -         - Price: $350.0
2026-01-22 20:25:32,750 - INFO -         - 5G: \u2713
2026-01-22 20:25:32,750 - INFO - 
   4. oneplus OnePlus Turbo 6V
2026-01-22 20:25:32,750 - INFO -       Score: 0.9459
2026-01-22 20:25:32,750 - INFO -       Specs:
2026-01-22 20:25:32,750 - INFO -         - RAM: 4GB
2026-01-22 20:25:32,750 - INFO -         - Storage: 256GB
2026-01-22 20:25:32,750 - INFO -         - Camera: 13.0MP
2026-01-22 20:25:32,750 - INFO -         - Battery: 4000mAh
2026-01-22 20:25:32,750 - INFO -         - Refresh: 60Hz
2026-01-22 20:25:32,750 - INFO -         - Price: $230.0
2026-01-22 20:25:32,750 - INFO -         - 5G: \u2713
2026-01-22 20:25:32,750 - INFO - 
   5. oneplus OnePlus Turbo 6
2026-01-22 20:25:32,750 - INFO -       Score: 0.9459
2026-01-22 20:25:32,750 - INFO -       Specs:
2026-01-22 20:25:32,750 - INFO -         - RAM: 4GB
2026-01-22 20:25:32,750 - INFO -         - Storage: 256GB
2026-01-22 20:25:32,750 - INFO -         - Camera: 13MP
2026-01-22 20:25:32,750 - INFO -         - Battery: 4000mAh
2026-01-22 20:25:32,750 - INFO -         - Refresh: 60Hz
2026-01-22 20:25:32,750 - INFO -         - Price: $280.0
2026-01-22 20:25:32,750 - INFO -         - 5G: \u2713
2026-01-22 20:25:32,750 - INFO - 
\U0001f4ca Analysis:
2026-01-22 20:25:32,750 - INFO -    Budget mentioned: True
2026-01-22 20:25:32,750 - INFO -    Use case detected: business
2026-01-22 20:25:32,750 - INFO -    Brand preference: ['Samsung', 'OnePlus', 
'Poco', 'Realme']
2026-01-22 20:25:32,750 - INFO -    Device type: ['mobile']
2026-01-22 20:25:32,750 - INFO -    Feature requirements: 1 detected
2026-01-22 20:25:32,750 - INFO - 
================================================================================
2026-01-22 20:25:32,750 - INFO - TEST 14: Complex Prompt Analysis
2026-01-22 20:25:32,750 - INFO - 
================================================================================
2026-01-22 20:25:32,750 - INFO - 
\U0001f4dd Prompt:
I want a phone for my kid to use for school and light gaming.
    It needs to be durable and not break if dropped (preferably with drop 
protection).
    I want parental controls and good battery life.
    The performance should be good enough for educational apps and light games.
    Budget is limited to $250-$350.
    I don't want something too flashy or expensive to replace if lost or damaged.
    What would be a responsible choice? Samsung A series or Motorola?

2026-01-22 20:25:32,750 - INFO - \U0001f9e0 Advanced NLP Parsing:
2026-01-22 20:25:32,751 - INFO -    Parsed preferences:
2026-01-22 20:25:32,751 - INFO -    - query: I want a phone for my kid to use for 
school and light gaming. It needs to be durable and not break if dropped 
(preferably with drop protection). I want parental controls and good battery life. 
The performance should be good enough for educational apps and light games. Budget 
is limited to $250-$350. I don't want something too flashy or expensive to replace 
if lost or damaged. What would be a responsible choice? Samsung A series or 
Motorola?
2026-01-22 20:25:32,751 - INFO -    - device_type: ['mobile']
2026-01-22 20:25:32,751 - INFO -    - brand_preference: ['Samsung', 'Motorola']
2026-01-22 20:25:32,751 - INFO -    - use_case: gaming
2026-01-22 20:25:32,751 - INFO -    - secondary_use_cases: ['battery', 'budget']
2026-01-22 20:25:32,751 - INFO -    - budget: 250.0
2026-01-22 20:25:32,751 - INFO -    - must_have_features: ['durable', 
'mid_range_processor']
2026-01-22 20:25:32,751 - INFO -    - nice_to_have_features: ['parental controls', 
'value', '90hz_display']
2026-01-22 20:25:32,751 - INFO -    - avoid_features: ['break', 'something']
2026-01-22 20:25:32,751 - INFO -    - priority: balanced
2026-01-22 20:25:32,751 - INFO -    - confidence: 0.7
2026-01-22 20:25:32,751 - INFO - 
\U0001f9e0 BERT NLP Enhancement:
2026-01-22 20:25:32,842 - INFO -    Enhanced preferences:
2026-01-22 20:25:32,842 - INFO -    - query: I want a phone for my kid to use for 
school and light gaming. It needs to be durable and not break if dropped 
(preferably with drop protection). I want parental controls and good battery life. 
The performance should be good enough for educational apps and light games. Budget 
is limited to $250-$350. I don't want something too flashy or expensive to replace 
if lost or damaged. What would be a responsible choice? Samsung A series or 
Motorola?
2026-01-22 20:25:32,842 - INFO -    - device_type: ['mobile']
2026-01-22 20:25:32,842 - INFO -    - brand_preference: ['Samsung', 'Motorola']
2026-01-22 20:25:32,842 - INFO -    - use_case: gaming
2026-01-22 20:25:32,842 - INFO -    - secondary_use_cases: ['battery', 'budget']
2026-01-22 20:25:32,842 - INFO -    - budget: 250.0
2026-01-22 20:25:32,842 - INFO -    - must_have_features: ['durable', 
'mid_range_processor']
2026-01-22 20:25:32,842 - INFO -    - nice_to_have_features: ['parental controls', 
'value', '90hz_display']
2026-01-22 20:25:32,842 - INFO -    - avoid_features: ['break', 'something']
2026-01-22 20:25:32,842 - INFO -    - priority: balanced
2026-01-22 20:25:32,842 - INFO -    - confidence: 0.7
2026-01-22 20:25:32,842 - INFO - 
\U0001f3af Recommendations:
2026-01-22 20:25:32,855 - INFO - After filters: 39 devices remaining
2026-01-22 20:25:32,857 - INFO - 
   1. o2 O2 XDA Atom Life
2026-01-22 20:25:32,857 - INFO -       Score: 1.0000
2026-01-22 20:25:32,857 - INFO -       Specs:
2026-01-22 20:25:32,857 - INFO -         - RAM: 4GB
2026-01-22 20:25:32,857 - INFO -         - Storage: 1GB
2026-01-22 20:25:32,857 - INFO -         - Camera: 13.0MP
2026-01-22 20:25:32,857 - INFO -         - Battery: 4000mAh
2026-01-22 20:25:32,857 - INFO -         - Refresh: 60Hz
2026-01-22 20:25:32,857 - INFO -         - Price: $250.0
2026-01-22 20:25:32,857 - INFO -         - 5G: \u2717
2026-01-22 20:25:32,857 - INFO - 
   2. htc HTC One (M8)
2026-01-22 20:25:32,857 - INFO -       Score: 0.0848
2026-01-22 20:25:32,857 - INFO -       Specs:
2026-01-22 20:25:32,857 - INFO -         - RAM: 4GB
2026-01-22 20:25:32,857 - INFO -         - Storage: 16GB
2026-01-22 20:25:32,857 - INFO -         - Camera: 13.0MP
2026-01-22 20:25:32,857 - INFO -         - Battery: 4000mAh
2026-01-22 20:25:32,857 - INFO -         - Refresh: 60Hz
2026-01-22 20:25:32,857 - INFO -         - Price: $250.0
2026-01-22 20:25:32,857 - INFO -         - 5G: \u2717
2026-01-22 20:25:32,857 - INFO - 
   3. htc HTC U Ultra
2026-01-22 20:25:32,857 - INFO -       Score: 0.0714
2026-01-22 20:25:32,857 - INFO -       Specs:
2026-01-22 20:25:32,857 - INFO -         - RAM: 4GB
2026-01-22 20:25:32,857 - INFO -         - Storage: 64GB
2026-01-22 20:25:32,857 - INFO -         - Camera: 13.0MP
2026-01-22 20:25:32,857 - INFO -         - Battery: 4000mAh
2026-01-22 20:25:32,857 - INFO -         - Refresh: 60Hz
2026-01-22 20:25:32,857 - INFO -         - Price: $250.0
2026-01-22 20:25:32,857 - INFO -         - 5G: \u2717
2026-01-22 20:25:32,857 - INFO - 
   4. htc HTC Butterfly 2
2026-01-22 20:25:32,857 - INFO -       Score: 0.0437
2026-01-22 20:25:32,857 - INFO -       Specs:
2026-01-22 20:25:32,857 - INFO -         - RAM: 4GB
2026-01-22 20:25:32,857 - INFO -         - Storage: 16GB
2026-01-22 20:25:32,857 - INFO -         - Camera: 13.0MP
2026-01-22 20:25:32,857 - INFO -         - Battery: 4000mAh
2026-01-22 20:25:32,857 - INFO -         - Refresh: 60Hz
2026-01-22 20:25:32,857 - INFO -         - Price: $250.0
2026-01-22 20:25:32,857 - INFO -         - 5G: \u2717
2026-01-22 20:25:32,857 - INFO - 
   5. htc HTC One (M8) CDMA
2026-01-22 20:25:32,857 - INFO -       Score: 0.0338
2026-01-22 20:25:32,857 - INFO -       Specs:
2026-01-22 20:25:32,857 - INFO -         - RAM: 4GB
2026-01-22 20:25:32,857 - INFO -         - Storage: 32GB
2026-01-22 20:25:32,857 - INFO -         - Camera: 13.0MP
2026-01-22 20:25:32,857 - INFO -         - Battery: 4000mAh
2026-01-22 20:25:32,857 - INFO -         - Refresh: 60Hz
2026-01-22 20:25:32,857 - INFO -         - Price: $250.0
2026-01-22 20:25:32,857 - INFO -         - 5G: \u2717
2026-01-22 20:25:32,857 - INFO - 
\U0001f4ca Analysis:
2026-01-22 20:25:32,857 - INFO -    Budget mentioned: True
2026-01-22 20:25:32,857 - INFO -    Use case detected: gaming
2026-01-22 20:25:32,857 - INFO -    Brand preference: ['Samsung', 'Motorola']
2026-01-22 20:25:32,857 - INFO -    Device type: ['mobile']
2026-01-22 20:25:32,857 - INFO -    Feature requirements: 2 detected
2026-01-22 20:25:32,857 - INFO - 
================================================================================
2026-01-22 20:25:32,857 - INFO - TEST 15: Complex Prompt Analysis
2026-01-22 20:25:32,857 - INFO - 
================================================================================
2026-01-22 20:25:32,857 - INFO - 
\U0001f4dd Prompt:
I'm a photography enthusiast with a limited budget.
    I have $500 to spend on a phone that can take great photos.
    I need at least 12MP camera, but 48MP+ would be better if available in this 
budget.
    Night mode is important for low-light photography.
    I don't need extreme gaming performance or premium design - just good camera 
capabilities.
    I'm open to any brand that offers excellent value.
    What are the best camera phones under $500 right now?

2026-01-22 20:25:32,857 - INFO - \U0001f9e0 Advanced NLP Parsing:
2026-01-22 20:25:32,857 - INFO -    Parsed preferences:
2026-01-22 20:25:32,857 - INFO -    - query: I'm a photography enthusiast with a 
limited budget. I have $500 to spend on a phone that can take great photos. I need 
at least 12MP camera, but 48MP+ would be better if available in this budget. Night 
mode is important for low-light photography. I don't need extreme gaming 
performance or premium design - just good camera capabilities. I'm open to any 
brand that offers excellent value. What are the best camera phones under $500 right 
now?
2026-01-22 20:25:32,857 - INFO -    - device_type: ['mobile']
2026-01-22 20:25:32,857 - INFO -    - brand_preference: ['OnePlus', 'Poco', 
'Realme']
2026-01-22 20:25:32,857 - INFO -    - use_case: gaming
2026-01-22 20:25:32,857 - INFO -    - secondary_use_cases: ['photography', 'budget']
2026-01-22 20:25:32,857 - INFO -    - budget: 500.0
2026-01-22 20:25:32,857 - INFO -    - priority: camera
2026-01-22 20:25:32,857 - INFO -    - confidence: 0.7
2026-01-22 20:25:32,857 - INFO - 
\U0001f9e0 BERT NLP Enhancement:
2026-01-22 20:25:32,950 - INFO -    Enhanced preferences:
2026-01-22 20:25:32,950 - INFO -    - query: I'm a photography enthusiast with a 
limited budget. I have $500 to spend on a phone that can take great photos. I need 
at least 12MP camera, but 48MP+ would be better if available in this budget. Night 
mode is important for low-light photography. I don't need extreme gaming 
performance or premium design - just good camera capabilities. I'm open to any 
brand that offers excellent value. What are the best camera phones under $500 right 
now?
2026-01-22 20:25:32,950 - INFO -    - device_type: ['mobile']
2026-01-22 20:25:32,950 - INFO -    - brand_preference: ['OnePlus', 'Poco', 
'Realme']
2026-01-22 20:25:32,950 - INFO -    - use_case: gaming
2026-01-22 20:25:32,950 - INFO -    - secondary_use_cases: ['photography', 'budget']
2026-01-22 20:25:32,950 - INFO -    - budget: 500.0
2026-01-22 20:25:32,950 - INFO -    - priority: camera
2026-01-22 20:25:32,950 - INFO -    - confidence: 0.7
2026-01-22 20:25:32,950 - INFO - 
\U0001f3af Recommendations:
2026-01-22 20:25:32,954 - INFO - After filters: 2090 devices remaining
2026-01-22 20:25:33,147 - INFO - 
   1. oneplus OnePlus Pad Go 2
2026-01-22 20:25:33,147 - INFO -       Score: 1.0000
2026-01-22 20:25:33,147 - INFO -       Specs:
2026-01-22 20:25:33,147 - INFO -         - RAM: 4GB
2026-01-22 20:25:33,147 - INFO -         - Storage: 128GB
2026-01-22 20:25:33,147 - INFO -         - Camera: 13.0MP
2026-01-22 20:25:33,147 - INFO -         - Battery: 4000mAh
2026-01-22 20:25:33,147 - INFO -         - Refresh: 60Hz
2026-01-22 20:25:33,147 - INFO -         - Price: $350.0
2026-01-22 20:25:33,147 - INFO -         - 5G: \u2713
2026-01-22 20:25:33,147 - INFO - 
   2. oneplus OnePlus Ace 6T
2026-01-22 20:25:33,147 - INFO -       Score: 0.7527
2026-01-22 20:25:33,147 - INFO -       Specs:
2026-01-22 20:25:33,147 - INFO -         - RAM: 4GB
2026-01-22 20:25:33,147 - INFO -         - Storage: 1024GB
2026-01-22 20:25:33,147 - INFO -         - Camera: 13.0MP
2026-01-22 20:25:33,147 - INFO -         - Battery: 4000mAh
2026-01-22 20:25:33,147 - INFO -         - Refresh: 60Hz
2026-01-22 20:25:33,147 - INFO -         - Price: $320.0
2026-01-22 20:25:33,147 - INFO -         - 5G: \u2713
2026-01-22 20:25:33,147 - INFO - 
   3. oneplus OnePlus Ace 6
2026-01-22 20:25:33,147 - INFO -       Score: 0.7527
2026-01-22 20:25:33,147 - INFO -       Specs:
2026-01-22 20:25:33,147 - INFO -         - RAM: 4GB
2026-01-22 20:25:33,147 - INFO -         - Storage: 1024GB
2026-01-22 20:25:33,147 - INFO -         - Camera: 13.0MP
2026-01-22 20:25:33,148 - INFO -         - Battery: 4000mAh
2026-01-22 20:25:33,148 - INFO -         - Refresh: 60Hz
2026-01-22 20:25:33,148 - INFO -         - Price: $310.0
2026-01-22 20:25:33,148 - INFO -         - 5G: \u2713
2026-01-22 20:25:33,148 - INFO - 
   4. oneplus OnePlus Turbo 6
2026-01-22 20:25:33,148 - INFO -       Score: 0.7120
2026-01-22 20:25:33,148 - INFO -       Specs:
2026-01-22 20:25:33,148 - INFO -         - RAM: 4GB
2026-01-22 20:25:33,148 - INFO -         - Storage: 256GB
2026-01-22 20:25:33,148 - INFO -         - Camera: 13MP
2026-01-22 20:25:33,148 - INFO -         - Battery: 4000mAh
2026-01-22 20:25:33,148 - INFO -         - Refresh: 60Hz
2026-01-22 20:25:33,148 - INFO -         - Price: $280.0
2026-01-22 20:25:33,148 - INFO -         - 5G: \u2713
2026-01-22 20:25:33,148 - INFO - 
   5. oneplus OnePlus Turbo 6V
2026-01-22 20:25:33,148 - INFO -       Score: 0.7120
2026-01-22 20:25:33,148 - INFO -       Specs:
2026-01-22 20:25:33,148 - INFO -         - RAM: 4GB
2026-01-22 20:25:33,148 - INFO -         - Storage: 256GB
2026-01-22 20:25:33,148 - INFO -         - Camera: 13.0MP
2026-01-22 20:25:33,148 - INFO -         - Battery: 4000mAh
2026-01-22 20:25:33,148 - INFO -         - Refresh: 60Hz
2026-01-22 20:25:33,148 - INFO -         - Price: $230.0
2026-01-22 20:25:33,148 - INFO -         - 5G: \u2713
2026-01-22 20:25:33,148 - INFO - 
\U0001f4ca Analysis:
2026-01-22 20:25:33,148 - INFO -    Budget mentioned: True
2026-01-22 20:25:33,148 - INFO -    Use case detected: photography
2026-01-22 20:25:33,148 - INFO -    Brand preference: ['OnePlus', 'Poco', 'Realme']
2026-01-22 20:25:33,148 - INFO -    Device type: ['mobile']
2026-01-22 20:25:33,148 - INFO -    Feature requirements: 1 detected
2026-01-22 20:25:33,148 - INFO - 
================================================================================
2026-01-22 20:25:33,148 - INFO - TEST 16: Complex Prompt Analysis
2026-01-22 20:25:33,148 - INFO - 
================================================================================
2026-01-22 20:25:33,148 - INFO - 
\U0001f4dd Prompt:
I'm planning to use my phone as a mobile workstation.
    I need massive RAM (16GB+), fast processor, and ample storage (512GB or 1TB).
    The display should be large enough (6.7+) and support productivity features.
    Cooling solution is important since I'll be running heavy applications.
    I want a phone that can handle video editing and 3D rendering tasks.
    Budget is around $1500-$2000 for a truly capable device.
    I heard about foldable phones - should I consider those?

2026-01-22 20:25:33,148 - INFO - \U0001f9e0 Advanced NLP Parsing:
2026-01-22 20:25:33,148 - INFO -    Parsed preferences:
2026-01-22 20:25:33,148 - INFO -    - query: I'm planning to use my phone as a 
mobile workstation. I need massive RAM (16GB+), fast processor, and ample storage 
(512GB or 1TB). The display should be large enough (6.7+) and support productivity 
features. Cooling solution is important since I'll be running heavy applications. I 
want a phone that can handle video editing and 3D rendering tasks. Budget is around 
$1500-$2000 for a truly capable device. I heard about foldable phones - should I 
consider those?
2026-01-22 20:25:33,148 - INFO -    - device_type: ['mobile']
2026-01-22 20:25:33,148 - INFO -    - use_case: gaming
2026-01-22 20:25:33,148 - INFO -    - secondary_use_cases: ['photography', 
'display', 'business', 'budget']
2026-01-22 20:25:33,148 - INFO -    - budget: 1500.0
2026-01-22 20:25:33,148 - INFO -    - priority: balanced
2026-01-22 20:25:33,148 - INFO -    - confidence: 1.0
2026-01-22 20:25:33,149 - INFO - 
\U0001f9e0 BERT NLP Enhancement:
2026-01-22 20:25:33,245 - INFO -    Enhanced preferences:
2026-01-22 20:25:33,245 - INFO -    - query: I'm planning to use my phone as a 
mobile workstation. I need massive RAM (16GB+), fast processor, and ample storage 
(512GB or 1TB). The display should be large enough (6.7+) and support productivity 
features. Cooling solution is important since I'll be running heavy applications. I 
want a phone that can handle video editing and 3D rendering tasks. Budget is around 
$1500-$2000 for a truly capable device. I heard about foldable phones - should I 
consider those?
2026-01-22 20:25:33,245 - INFO -    - device_type: ['mobile']
2026-01-22 20:25:33,245 - INFO -    - use_case: gaming
2026-01-22 20:25:33,245 - INFO -    - secondary_use_cases: ['photography', 
'display', 'business', 'budget']
2026-01-22 20:25:33,245 - INFO -    - budget: 1500.0
2026-01-22 20:25:33,245 - INFO -    - priority: balanced
2026-01-22 20:25:33,245 - INFO -    - confidence: 1.0
2026-01-22 20:25:33,245 - INFO - 
\U0001f3af Recommendations:
2026-01-22 20:25:33,256 - INFO - After filters: 0 devices remaining
2026-01-22 20:25:33,257 - WARNING - No devices passed filters even after relaxation
2026-01-22 20:25:33,257 - WARNING -    No recommendations found
2026-01-22 20:25:33,257 - INFO - 
\U0001f4ca Analysis:
2026-01-22 20:25:33,257 - INFO -    Budget mentioned: True
2026-01-22 20:25:33,257 - INFO -    Use case detected: gaming
2026-01-22 20:25:33,257 - INFO -    Brand preference: []
2026-01-22 20:25:33,257 - INFO -    Device type: ['mobile']
2026-01-22 20:25:33,257 - INFO -    Feature requirements: 1 detected
2026-01-22 20:25:33,257 - INFO - 
================================================================================
2026-01-22 20:25:33,257 - INFO - TEST 17: Complex Prompt Analysis
2026-01-22 20:25:33,257 - INFO - 
================================================================================
2026-01-22 20:25:33,257 - INFO - 
\U0001f4dd Prompt:
I need a phone that's good for everything but especially for video streaming.
    Display quality is paramount: OLED, high brightness (1200+ nits), 120Hz refresh 
rate.
    Good stereo speakers are crucial for watching movies and listening to music.
    I don't game, so I can compromise on processing power.
    Battery life should be solid for long sessions: 5000mAh+.
    Budget up to $1000.
    I'm between Samsung, OnePlus, and Google Pixel for streaming experience.

2026-01-22 20:25:33,257 - INFO - \U0001f9e0 Advanced NLP Parsing:
2026-01-22 20:25:33,257 - INFO -    Parsed preferences:
2026-01-22 20:25:33,257 - INFO -    - query: I need a phone that's good for 
everything but especially for video streaming. Display quality is paramount: OLED, 
high brightness (1200+ nits), 120Hz refresh rate. Good stereo speakers are crucial 
for watching movies and listening to music. I don't game, so I can compromise on 
processing power. Battery life should be solid for long sessions: 5000mAh+. Budget 
up to $1000. I'm between Samsung, OnePlus, and Google Pixel for streaming 
experience.
2026-01-22 20:25:33,257 - INFO -    - device_type: ['mobile', 'smartwatch']
2026-01-22 20:25:33,257 - INFO -    - brand_preference: ['Samsung', 'Google', 
'Oneplus']
2026-01-22 20:25:33,257 - INFO -    - use_case: gaming
2026-01-22 20:25:33,257 - INFO -    - secondary_use_cases: ['photography', 
'battery', 'display', 'budget']
2026-01-22 20:25:33,257 - INFO -    - budget: 1000.0
2026-01-22 20:25:33,257 - INFO -    - priority: balanced
2026-01-22 20:25:33,257 - INFO -    - confidence: 1.0
2026-01-22 20:25:33,257 - INFO - 
\U0001f9e0 BERT NLP Enhancement:
2026-01-22 20:25:33,354 - INFO -    Enhanced preferences:
2026-01-22 20:25:33,354 - INFO -    - query: I need a phone that's good for 
everything but especially for video streaming. Display quality is paramount: OLED, 
high brightness (1200+ nits), 120Hz refresh rate. Good stereo speakers are crucial 
for watching movies and listening to music. I don't game, so I can compromise on 
processing power. Battery life should be solid for long sessions: 5000mAh+. Budget 
up to $1000. I'm between Samsung, OnePlus, and Google Pixel for streaming 
experience.
2026-01-22 20:25:33,354 - INFO -    - device_type: ['mobile', 'smartwatch']
2026-01-22 20:25:33,354 - INFO -    - brand_preference: ['Samsung', 'Google', 
'Oneplus']
2026-01-22 20:25:33,354 - INFO -    - use_case: gaming
2026-01-22 20:25:33,354 - INFO -    - secondary_use_cases: ['photography', 
'battery', 'display', 'budget']
2026-01-22 20:25:33,354 - INFO -    - budget: 1000.0
2026-01-22 20:25:33,356 - INFO -    - priority: balanced
2026-01-22 20:25:33,356 - INFO -    - confidence: 1.0
2026-01-22 20:25:33,356 - INFO - 
\U0001f3af Recommendations:
2026-01-22 20:25:33,366 - INFO - After filters: 0 devices remaining
2026-01-22 20:25:33,376 - WARNING - No devices after filters; relaxing min_battery 
-> 2153 devices
2026-01-22 20:25:33,562 - INFO - 
   1. oneplus OnePlus Ace 6
2026-01-22 20:25:33,562 - INFO -       Score: 1.0000
2026-01-22 20:25:33,562 - INFO -       Specs:
2026-01-22 20:25:33,562 - INFO -         - RAM: 4GB
2026-01-22 20:25:33,562 - INFO -         - Storage: 1024GB
2026-01-22 20:25:33,562 - INFO -         - Camera: 13.0MP
2026-01-22 20:25:33,562 - INFO -         - Battery: 4000mAh
2026-01-22 20:25:33,562 - INFO -         - Refresh: 60Hz
2026-01-22 20:25:33,562 - INFO -         - Price: $310.0
2026-01-22 20:25:33,562 - INFO -         - 5G: \u2713
2026-01-22 20:25:33,562 - INFO - 
   2. oneplus OnePlus Ace 6T
2026-01-22 20:25:33,562 - INFO -       Score: 1.0000
2026-01-22 20:25:33,562 - INFO -       Specs:
2026-01-22 20:25:33,562 - INFO -         - RAM: 4GB
2026-01-22 20:25:33,562 - INFO -         - Storage: 1024GB
2026-01-22 20:25:33,562 - INFO -         - Camera: 13.0MP
2026-01-22 20:25:33,562 - INFO -         - Battery: 4000mAh
2026-01-22 20:25:33,562 - INFO -         - Refresh: 60Hz
2026-01-22 20:25:33,562 - INFO -         - Price: $320.0
2026-01-22 20:25:33,562 - INFO -         - 5G: \u2713
2026-01-22 20:25:33,562 - INFO - 
   3. oneplus OnePlus Turbo 6
2026-01-22 20:25:33,562 - INFO -       Score: 0.9460
2026-01-22 20:25:33,562 - INFO -       Specs:
2026-01-22 20:25:33,562 - INFO -         - RAM: 4GB
2026-01-22 20:25:33,562 - INFO -         - Storage: 256GB
2026-01-22 20:25:33,562 - INFO -         - Camera: 13MP
2026-01-22 20:25:33,562 - INFO -         - Battery: 4000mAh
2026-01-22 20:25:33,562 - INFO -         - Refresh: 60Hz
2026-01-22 20:25:33,562 - INFO -         - Price: $280.0
2026-01-22 20:25:33,562 - INFO -         - 5G: \u2713
2026-01-22 20:25:33,562 - INFO - 
   4. oneplus OnePlus Turbo 6V
2026-01-22 20:25:33,562 - INFO -       Score: 0.8474
2026-01-22 20:25:33,562 - INFO -       Specs:
2026-01-22 20:25:33,562 - INFO -         - RAM: 4GB
2026-01-22 20:25:33,562 - INFO -         - Storage: 256GB
2026-01-22 20:25:33,562 - INFO -         - Camera: 13.0MP
2026-01-22 20:25:33,562 - INFO -         - Battery: 4000mAh
2026-01-22 20:25:33,562 - INFO -         - Refresh: 60Hz
2026-01-22 20:25:33,562 - INFO -         - Price: $230.0
2026-01-22 20:25:33,562 - INFO -         - 5G: \u2713
2026-01-22 20:25:33,562 - INFO - 
   5. oneplus OnePlus Watch 3 Lite
2026-01-22 20:25:33,562 - INFO -       Score: 0.8151
2026-01-22 20:25:33,562 - INFO -       Specs:
2026-01-22 20:25:33,562 - INFO -         - RAM: 4GB
2026-01-22 20:25:33,562 - INFO -         - Storage: 4GB
2026-01-22 20:25:33,562 - INFO -         - Camera: 13.0MP
2026-01-22 20:25:33,562 - INFO -         - Battery: 4000mAh
2026-01-22 20:25:33,562 - INFO -         - Refresh: 60Hz
2026-01-22 20:25:33,562 - INFO -         - Price: $180.0
2026-01-22 20:25:33,562 - INFO -         - 5G: \u2717
2026-01-22 20:25:33,562 - INFO - 
\U0001f4ca Analysis:
2026-01-22 20:25:33,562 - INFO -    Budget mentioned: True
2026-01-22 20:25:33,562 - INFO -    Use case detected: gaming
2026-01-22 20:25:33,562 - INFO -    Brand preference: ['Samsung', 'Google', 
'Oneplus']
2026-01-22 20:25:33,562 - INFO -    Device type: ['mobile', 'smartwatch']
2026-01-22 20:25:33,562 - INFO -    Feature requirements: 3 detected
2026-01-22 20:25:33,562 - INFO - 
================================================================================
2026-01-22 20:25:33,562 - INFO - TEST 18: Complex Prompt Analysis
2026-01-22 20:25:33,562 - INFO - 
================================================================================
2026-01-22 20:25:33,562 - INFO - 
\U0001f4dd Prompt:
I'm concerned about privacy and security on my phone.
    I need strong encryption, security updates, and transparency about data 
handling.
    I prefer a phone from a company with a good privacy track record.
    Performance and camera are secondary concerns.
    Budget around $700-$900.
    I'm leaning towards iPhone or Google Pixel, but are there other secure Android 
phones?
    I want long-term software support - at least 5 years of updates.

2026-01-22 20:25:33,562 - INFO - \U0001f9e0 Advanced NLP Parsing:
2026-01-22 20:25:33,562 - INFO -    Parsed preferences:
2026-01-22 20:25:33,562 - INFO -    - query: I'm concerned about privacy and 
security on my phone. I need strong encryption, security updates, and transparency 
about data handling. I prefer a phone from a company with a good privacy track 
record. Performance and camera are secondary concerns. Budget around $700-$900. I'm 
leaning towards iPhone or Google Pixel, but are there other secure Android phones? 
I want long-term software support - at least 5 years of updates.
2026-01-22 20:25:33,562 - INFO -    - device_type: ['mobile']
2026-01-22 20:25:33,562 - INFO -    - brand_preference: ['Google']
2026-01-22 20:25:33,562 - INFO -    - use_case: gaming
2026-01-22 20:25:33,562 - INFO -    - secondary_use_cases: ['photography', 'budget']
2026-01-22 20:25:33,562 - INFO -    - budget: 700.0
2026-01-22 20:25:33,562 - INFO -    - priority: balanced
2026-01-22 20:25:33,562 - INFO -    - confidence: 1.0
2026-01-22 20:25:33,562 - INFO - 
\U0001f9e0 BERT NLP Enhancement:
2026-01-22 20:25:33,651 - INFO -    Enhanced preferences:
2026-01-22 20:25:33,651 - INFO -    - query: I'm concerned about privacy and 
security on my phone. I need strong encryption, security updates, and transparency 
about data handling. I prefer a phone from a company with a good privacy track 
record. Performance and camera are secondary concerns. Budget around $700-$900. I'm 
leaning towards iPhone or Google Pixel, but are there other secure Android phones? 
I want long-term software support - at least 5 years of updates.
2026-01-22 20:25:33,651 - INFO -    - device_type: ['mobile']
2026-01-22 20:25:33,651 - INFO -    - brand_preference: ['Google']
2026-01-22 20:25:33,651 - INFO -    - use_case: gaming
2026-01-22 20:25:33,651 - INFO -    - secondary_use_cases: ['photography', 'budget']
2026-01-22 20:25:33,651 - INFO -    - budget: 700.0
2026-01-22 20:25:33,651 - INFO -    - priority: balanced
2026-01-22 20:25:33,651 - INFO -    - confidence: 1.0
2026-01-22 20:25:33,651 - INFO - 
\U0001f3af Recommendations:
2026-01-22 20:25:33,654 - INFO - After filters: 4 devices remaining
2026-01-22 20:25:33,661 - INFO - 
   1. sharp Sharp Aquos R5G
2026-01-22 20:25:33,663 - INFO -       Score: 1.0000
2026-01-22 20:25:33,663 - INFO -       Specs:
2026-01-22 20:25:33,663 - INFO -         - RAM: 4GB
2026-01-22 20:25:33,663 - INFO -         - Storage: 256GB
2026-01-22 20:25:33,663 - INFO -         - Camera: 13.0MP
2026-01-22 20:25:33,663 - INFO -         - Battery: 4000mAh
2026-01-22 20:25:33,663 - INFO -         - Refresh: 60Hz
2026-01-22 20:25:33,663 - INFO -         - Price: $700.0
2026-01-22 20:25:33,663 - INFO -         - 5G: \u2717
2026-01-22 20:25:33,663 - INFO - 
   2. sharp Sharp Aquos R8s
2026-01-22 20:25:33,663 - INFO -       Score: 1.0000
2026-01-22 20:25:33,663 - INFO -       Specs:
2026-01-22 20:25:33,663 - INFO -         - RAM: 4GB
2026-01-22 20:25:33,663 - INFO -         - Storage: 256GB
2026-01-22 20:25:33,663 - INFO -         - Camera: 13.0MP
2026-01-22 20:25:33,663 - INFO -         - Battery: 4000mAh
2026-01-22 20:25:33,663 - INFO -         - Refresh: 60Hz
2026-01-22 20:25:33,663 - INFO -         - Price: $700.0
2026-01-22 20:25:33,663 - INFO -         - 5G: \u2717
2026-01-22 20:25:33,663 - INFO - 
   3. hp HP Elite x3
2026-01-22 20:25:33,663 - INFO -       Score: 0.3644
2026-01-22 20:25:33,663 - INFO -       Specs:
2026-01-22 20:25:33,663 - INFO -         - RAM: 4GB
2026-01-22 20:25:33,663 - INFO -         - Storage: 64GB
2026-01-22 20:25:33,663 - INFO -         - Camera: 13MP
2026-01-22 20:25:33,663 - INFO -         - Battery: 4000mAh
2026-01-22 20:25:33,663 - INFO -         - Refresh: 60Hz
2026-01-22 20:25:33,663 - INFO -         - Price: $700.0
2026-01-22 20:25:33,663 - INFO -         - 5G: \u2717
2026-01-22 20:25:33,663 - INFO - 
   4. lg LG V60 ThinQ 5G
2026-01-22 20:25:33,663 - INFO -       Score: 0.0000
2026-01-22 20:25:33,663 - INFO -       Specs:
2026-01-22 20:25:33,663 - INFO -         - RAM: 4GB
2026-01-22 20:25:33,663 - INFO -         - Storage: 128GB
2026-01-22 20:25:33,663 - INFO -         - Camera: 13.0MP
2026-01-22 20:25:33,663 - INFO -         - Battery: 4000mAh
2026-01-22 20:25:33,663 - INFO -         - Refresh: 60Hz
2026-01-22 20:25:33,663 - INFO -         - Price: $700.0
2026-01-22 20:25:33,663 - INFO -         - 5G: \u2713
2026-01-22 20:25:33,663 - INFO - 
\U0001f4ca Analysis:
2026-01-22 20:25:33,663 - INFO -    Budget mentioned: True
2026-01-22 20:25:33,663 - INFO -    Use case detected: business
2026-01-22 20:25:33,663 - INFO -    Brand preference: ['Google']
2026-01-22 20:25:33,663 - INFO -    Device type: ['mobile']
2026-01-22 20:25:33,663 - INFO -    Feature requirements: 1 detected
2026-01-22 20:25:33,663 - INFO - 
================================================================================
2026-01-22 20:25:33,663 - INFO - TEST 19: Complex Prompt Analysis
2026-01-22 20:25:33,663 - INFO - 
================================================================================
2026-01-22 20:25:33,663 - INFO - 
\U0001f4dd Prompt:
I want to replace my flagship from 2 years ago.
    I want significant improvements in camera, display, and processing power.
    5G is now important to me, so I want the latest 5G implementation.
    I'm willing to spend $1200-$1500 for the best of what's available right now.
    I prefer sticking with my current brand but open to switching if there's 
something exceptional.
    Should I wait for the next generation or buy the current flagship?
    What are the must-have features in 2026?

2026-01-22 20:25:33,663 - INFO - \U0001f9e0 Advanced NLP Parsing:
2026-01-22 20:25:33,663 - INFO -    Parsed preferences:
2026-01-22 20:25:33,663 - INFO -    - query: I want to replace my flagship from 2 
years ago. I want significant improvements in camera, display, and processing 
power. 5G is now important to me, so I want the latest 5G implementation. I'm 
willing to spend $1200-$1500 for the best of what's available right now. I prefer 
sticking with my current brand but open to switching if there's something 
exceptional. Should I wait for the next generation or buy the current flagship? 
What are the must-have features in 2026?
2026-01-22 20:25:33,663 - INFO -    - device_type: ['mobile']
2026-01-22 20:25:33,663 - INFO -    - use_case: photography
2026-01-22 20:25:33,663 - INFO -    - secondary_use_cases: ['display']
2026-01-22 20:25:33,663 - INFO -    - budget: 1200.0
2026-01-22 20:25:33,663 - INFO -    - priority: balanced
2026-01-22 20:25:33,663 - INFO -    - confidence: 1.0
2026-01-22 20:25:33,663 - INFO - 
\U0001f9e0 BERT NLP Enhancement:
2026-01-22 20:25:33,754 - INFO -    Enhanced preferences:
2026-01-22 20:25:33,754 - INFO -    - query: I want to replace my flagship from 2 
years ago. I want significant improvements in camera, display, and processing 
power. 5G is now important to me, so I want the latest 5G implementation. I'm 
willing to spend $1200-$1500 for the best of what's available right now. I prefer 
sticking with my current brand but open to switching if there's something 
exceptional. Should I wait for the next generation or buy the current flagship? 
What are the must-have features in 2026?
2026-01-22 20:25:33,754 - INFO -    - device_type: ['mobile']
2026-01-22 20:25:33,754 - INFO -    - use_case: photography
2026-01-22 20:25:33,754 - INFO -    - secondary_use_cases: ['display']
2026-01-22 20:25:33,754 - INFO -    - budget: 1200.0
2026-01-22 20:25:33,754 - INFO -    - priority: balanced
2026-01-22 20:25:33,754 - INFO -    - confidence: 1.0
2026-01-22 20:25:33,754 - INFO - 
\U0001f3af Recommendations:
2026-01-22 20:25:33,775 - INFO - After filters: 0 devices remaining
2026-01-22 20:25:33,775 - WARNING - No devices passed filters even after relaxation
2026-01-22 20:25:33,775 - WARNING -    No recommendations found
2026-01-22 20:25:33,775 - INFO - 
\U0001f4ca Analysis:
2026-01-22 20:25:33,775 - INFO -    Budget mentioned: True
2026-01-22 20:25:33,775 - INFO -    Use case detected: flagship
2026-01-22 20:25:33,775 - INFO -    Brand preference: []
2026-01-22 20:25:33,775 - INFO -    Device type: ['mobile']
2026-01-22 20:25:33,775 - INFO -    Feature requirements: 1 detected
2026-01-22 20:25:33,775 - INFO - 
================================================================================
2026-01-22 20:25:33,775 - INFO - TEST 20: Complex Prompt Analysis
2026-01-22 20:25:33,775 - INFO - 
================================================================================
2026-01-22 20:25:33,775 - INFO - 
\U0001f4dd Prompt:
I'm buying a phone for use in developing countries where power is unreliable.
    Battery capacity is critical - I need 6000mAh+ for extended usage between 
charges.
    Power efficiency is more important than raw performance.
    I need a phone that handles poor network conditions well (fallback to 3G/4G 
from 5G).
    Durability matters - I need something that can withstand dust and moisture.
    Budget: $300-$500.
    Which phones are known for reliability in tough conditions?

2026-01-22 20:25:33,775 - INFO - \U0001f9e0 Advanced NLP Parsing:
2026-01-22 20:25:33,775 - INFO -    Parsed preferences:
2026-01-22 20:25:33,775 - INFO -    - query: I'm buying a phone for use in 
developing countries where power is unreliable. Battery capacity is critical - I 
need 6000mAh+ for extended usage between charges. Power efficiency is more 
important than raw performance. I need a phone that handles poor network conditions 
well (fallback to 3G/4G from 5G). Durability matters - I need something that can 
withstand dust and moisture. Budget: $300-$500. Which phones are known for 
reliability in tough conditions?
2026-01-22 20:25:33,775 - INFO -    - device_type: ['mobile']
2026-01-22 20:25:33,775 - INFO -    - use_case: gaming
2026-01-22 20:25:33,775 - INFO -    - secondary_use_cases: ['battery', 'business', 
'budget']
2026-01-22 20:25:33,775 - INFO -    - budget: 300.0
2026-01-22 20:25:33,775 - INFO -    - must_have_features: ['mid_range_processor']
2026-01-22 20:25:33,775 - INFO -    - nice_to_have_features: ['90hz_display']
2026-01-22 20:25:33,775 - INFO -    - trade_offs: [('is', 'raw')]
2026-01-22 20:25:33,775 - INFO -    - priority: raw
2026-01-22 20:25:33,775 - INFO -    - confidence: 0.7
2026-01-22 20:25:33,775 - INFO - 
\U0001f9e0 BERT NLP Enhancement:
2026-01-22 20:25:33,854 - INFO -    Enhanced preferences:
2026-01-22 20:25:33,854 - INFO -    - query: I'm buying a phone for use in 
developing countries where power is unreliable. Battery capacity is critical - I 
need 6000mAh+ for extended usage between charges. Power efficiency is more 
important than raw performance. I need a phone that handles poor network conditions 
well (fallback to 3G/4G from 5G). Durability matters - I need something that can 
withstand dust and moisture. Budget: $300-$500. Which phones are known for 
reliability in tough conditions?
2026-01-22 20:25:33,854 - INFO -    - device_type: ['mobile']
2026-01-22 20:25:33,854 - INFO -    - use_case: gaming
2026-01-22 20:25:33,854 - INFO -    - secondary_use_cases: ['battery', 'business', 
'budget']
2026-01-22 20:25:33,854 - INFO -    - budget: 300.0
2026-01-22 20:25:33,854 - INFO -    - must_have_features: ['mid_range_processor']
2026-01-22 20:25:33,854 - INFO -    - nice_to_have_features: ['90hz_display']
2026-01-22 20:25:33,854 - INFO -    - trade_offs: [('is', 'raw')]
2026-01-22 20:25:33,854 - INFO -    - priority: raw
2026-01-22 20:25:33,854 - INFO -    - confidence: 0.7
2026-01-22 20:25:33,854 - INFO - 
\U0001f3af Recommendations:
2026-01-22 20:25:33,877 - INFO - After filters: 0 devices remaining
2026-01-22 20:25:33,887 - WARNING - No devices after filters; relaxing min_battery 
-> 116 devices
2026-01-22 20:25:33,898 - INFO - 
   1. htc HTC One Dual Sim
2026-01-22 20:25:33,898 - INFO -       Score: 1.0000
2026-01-22 20:25:33,898 - INFO -       Specs:
2026-01-22 20:25:33,898 - INFO -         - RAM: 4GB
2026-01-22 20:25:33,898 - INFO -         - Storage: 32GB
2026-01-22 20:25:33,898 - INFO -         - Camera: 13.0MP
2026-01-22 20:25:33,898 - INFO -         - Battery: 4000mAh
2026-01-22 20:25:33,898 - INFO -         - Refresh: 60Hz
2026-01-22 20:25:33,898 - INFO -         - Price: $300.0
2026-01-22 20:25:33,898 - INFO -         - 5G: \u2717
2026-01-22 20:25:33,898 - INFO - 
   2. htc HTC One (M8) dual sim
2026-01-22 20:25:33,898 - INFO -       Score: 0.9520
2026-01-22 20:25:33,898 - INFO -       Specs:
2026-01-22 20:25:33,898 - INFO -         - RAM: 4GB
2026-01-22 20:25:33,898 - INFO -         - Storage: 16GB
2026-01-22 20:25:33,898 - INFO -         - Camera: 13.0MP
2026-01-22 20:25:33,898 - INFO -         - Battery: 4000mAh
2026-01-22 20:25:33,898 - INFO -         - Refresh: 60Hz
2026-01-22 20:25:33,898 - INFO -         - Price: $300.0
2026-01-22 20:25:33,898 - INFO -         - 5G: \u2717
2026-01-22 20:25:33,899 - INFO - 
   3. modu Modu Phone
2026-01-22 20:25:33,899 - INFO -       Score: 0.6705
2026-01-22 20:25:33,899 - INFO -       Specs:
2026-01-22 20:25:33,899 - INFO -         - RAM: 4GB
2026-01-22 20:25:33,899 - INFO -         - Storage: 6GB
2026-01-22 20:25:33,899 - INFO -         - Camera: 13.0MP
2026-01-22 20:25:33,899 - INFO -         - Battery: 4000mAh
2026-01-22 20:25:33,899 - INFO -         - Refresh: 60Hz
2026-01-22 20:25:33,899 - INFO -         - Price: $300
2026-01-22 20:25:33,899 - INFO -         - 5G: \u2717
2026-01-22 20:25:33,899 - INFO - 
   4. posh Posh Pegasus 4G S400
2026-01-22 20:25:33,900 - INFO -       Score: 0.2680
2026-01-22 20:25:33,900 - INFO -       Specs:
2026-01-22 20:25:33,900 - INFO -         - RAM: 4GB
2026-01-22 20:25:33,900 - INFO -         - Storage: 4GB
2026-01-22 20:25:33,900 - INFO -         - Camera: 13.0MP
2026-01-22 20:25:33,900 - INFO -         - Battery: 4000mAh
2026-01-22 20:25:33,900 - INFO -         - Refresh: 60Hz
2026-01-22 20:25:33,900 - INFO -         - Price: $300
2026-01-22 20:25:33,900 - INFO -         - 5G: \u2717
2026-01-22 20:25:33,900 - INFO - 
   5. honor Honor 400 Smart 4G
2026-01-22 20:25:33,900 - INFO -       Score: 0.2426
2026-01-22 20:25:33,900 - INFO -       Specs:
2026-01-22 20:25:33,900 - INFO -         - RAM: 4GB
2026-01-22 20:25:33,900 - INFO -         - Storage: 128GB
2026-01-22 20:25:33,900 - INFO -         - Camera: 13.0MP
2026-01-22 20:25:33,900 - INFO -         - Battery: 4000mAh
2026-01-22 20:25:33,900 - INFO -         - Refresh: 60Hz
2026-01-22 20:25:33,900 - INFO -         - Price: $300.0
2026-01-22 20:25:33,900 - INFO -         - 5G: \u2717
2026-01-22 20:25:33,900 - INFO - 
\U0001f4ca Analysis:
2026-01-22 20:25:33,900 - INFO -    Budget mentioned: True
2026-01-22 20:25:33,900 - INFO -    Use case detected: battery
2026-01-22 20:25:33,900 - INFO -    Brand preference: []
2026-01-22 20:25:33,900 - INFO -    Device type: ['mobile']
2026-01-22 20:25:33,900 - INFO -    Feature requirements: 5 detected
2026-01-22 20:25:33,903 - INFO - 
================================================================================
2026-01-22 20:25:33,903 - INFO - PROMPT VARIATION TESTING
2026-01-22 20:25:33,903 - INFO - 
================================================================================
2026-01-22 20:25:33,905 - INFO - Found 126 CSV files
2026-01-22 20:25:33,914 - INFO - Loaded 3 devices total from Apple.csv
2026-01-22 20:25:33,926 - INFO - Loaded 4 devices total from Asus.csv
2026-01-22 20:25:33,932 - INFO - Loaded 9 devices total from Garmin_Asus.csv
2026-01-22 20:25:33,942 - INFO - Loaded 10 devices total from Google.csv
2026-01-22 20:25:33,954 - INFO - Loaded 13 devices total from Motorola.csv
2026-01-22 20:25:33,965 - INFO - Loaded 23 devices total from Oneplus.csv
2026-01-22 20:25:33,980 - INFO - Loaded 55 devices total from Oppo.csv
2026-01-22 20:25:33,996 - INFO - Loaded 56 devices total from Realme.csv
2026-01-22 20:25:34,007 - INFO - Loaded 58 devices total from Samsung.csv
2026-01-22 20:25:34,036 - INFO - Loaded 270 devices total from Sony.csv
2026-01-22 20:25:34,058 - INFO - Loaded 399 devices total from Sony_Ericsson.csv
2026-01-22 20:25:34,064 - INFO - Loaded 406 devices total from Vivo.csv
2026-01-22 20:25:34,078 - INFO - Loaded 407 devices total from Xiaomi.csv
2026-01-22 20:25:34,103 - INFO - Loaded 492 devices total from Acer.csv
2026-01-22 20:25:34,103 - INFO - Loaded 493 devices total from Alcatel.csv
2026-01-22 20:25:34,118 - INFO - Loaded 651 devices total from Allview.csv
2026-01-22 20:25:34,140 - INFO - Loaded 676 devices total from Amazon.csv
2026-01-22 20:25:34,150 - INFO - Loaded 723 devices total from Amoi.csv
2026-01-22 20:25:34,155 - INFO - Loaded 766 devices total from Archos.csv
2026-01-22 20:25:34,167 - INFO - Loaded 770 devices total from At&T.csv
2026-01-22 20:25:34,167 - INFO - Loaded 779 devices total from Benefon.csv
2026-01-22 20:25:34,183 - INFO - Loaded 814 devices total from Benq.csv
2026-01-22 20:25:34,193 - INFO - Loaded 842 devices total from Benq_Siemens.csv
2026-01-22 20:25:34,206 - INFO - Loaded 914 devices total from Bird.csv
2026-01-22 20:25:34,215 - INFO - Loaded 1010 devices total from Blackberry.csv
2026-01-22 20:25:34,231 - INFO - Loaded 1012 devices total from Blackview.csv
2026-01-22 20:25:34,264 - INFO - Loaded 1389 devices total from Blu.csv
2026-01-22 20:25:34,280 - INFO - Loaded 1399 devices total from Bosch.csv
2026-01-22 20:25:34,290 - INFO - Loaded 1419 devices total from Bq.csv
2026-01-22 20:25:34,297 - INFO - Loaded 1424 devices total from Casio.csv
2026-01-22 20:25:34,297 - INFO - Loaded 1446 devices total from Cat.csv
2026-01-22 20:25:34,332 - INFO - Loaded 1665 devices total from Celkon.csv
2026-01-22 20:25:34,341 - INFO - Loaded 1677 devices total from Chea.csv
2026-01-22 20:25:34,353 - INFO - Loaded 1733 devices total from Coolpad.csv
2026-01-22 20:25:34,355 - INFO - Loaded 1734 devices total from Cubot.csv
2026-01-22 20:25:34,368 - INFO - Loaded 1754 devices total from Dell.csv
2026-01-22 20:25:34,368 - INFO - Loaded 1755 devices total from Doogee.csv
2026-01-22 20:25:34,389 - INFO - Loaded 1770 devices total from Emporia.csv
2026-01-22 20:25:34,399 - INFO - Loaded 1780 devices total from Energizer.csv
2026-01-22 20:25:34,408 - INFO - Loaded 1820 devices total from Ericsson.csv
2026-01-22 20:25:34,408 - INFO - Loaded 1842 devices total from Eten.csv
2026-01-22 20:25:34,424 - INFO - Loaded 1847 devices total from Fairphone.csv
2026-01-22 20:25:34,424 - INFO - Loaded 1849 devices total from Fujitsu_Siemens.csv
2026-01-22 20:25:34,450 - INFO - Loaded 1925 devices total from Gigabyte.csv
2026-01-22 20:25:34,465 - INFO - Loaded 2042 devices total from Gionee.csv
2026-01-22 20:25:34,481 - INFO - Loaded 2110 devices total from Haier.csv
2026-01-22 20:25:34,488 - INFO - Loaded 2112 devices total from Hmd.csv
2026-01-22 20:25:34,498 - INFO - Loaded 2147 devices total from Honor.csv
2026-01-22 20:25:34,498 - INFO - Loaded 2188 devices total from Hp.csv
2026-01-22 20:25:34,547 - INFO - Loaded 2534 devices total from Htc.csv
2026-01-22 20:25:34,563 - INFO - Loaded 2548 devices total from Huawei.csv
2026-01-22 20:25:34,563 - INFO - Loaded 2582 devices total from I_Mate.csv
2026-01-22 20:25:34,578 - INFO - Loaded 2619 devices total from I_Mobile.csv
2026-01-22 20:25:34,600 - INFO - Loaded 2691 devices total from Icemobile.csv
2026-01-22 20:25:34,613 - INFO - Loaded 2755 devices total from Infinix.csv
2026-01-22 20:25:34,618 - INFO - Loaded 2773 devices total from Innostream.csv
2026-01-22 20:25:34,618 - INFO - Loaded 2778 devices total from Inq.csv
2026-01-22 20:25:34,639 - INFO - Loaded 2793 devices total from Intex.csv
2026-01-22 20:25:34,647 - INFO - Loaded 2800 devices total from Itel.csv
2026-01-22 20:25:34,651 - INFO - Loaded 2805 devices total from Jolla.csv
2026-01-22 20:25:34,667 - INFO - Loaded 2875 devices total from Karbonn.csv
2026-01-22 20:25:34,667 - INFO - Loaded 2903 devices total from Kyocera.csv
2026-01-22 20:25:34,686 - INFO - Loaded 2905 devices total from Lava.csv
2026-01-22 20:25:34,695 - INFO - Loaded 2914 devices total from Leeco.csv
2026-01-22 20:25:34,716 - INFO - Loaded 3136 devices total from Lenovo.csv
2026-01-22 20:25:34,737 - INFO - Loaded 3170 devices total from Lg.csv
2026-01-22 20:25:34,746 - INFO - Loaded 3201 devices total from Maxon.csv
2026-01-22 20:25:34,756 - INFO - Loaded 3242 devices total from Maxwest.csv
2026-01-22 20:25:34,770 - INFO - Loaded 3366 devices total from Meizu.csv
2026-01-22 20:25:34,806 - INFO - Loaded 3630 devices total from Micromax.csv
2026-01-22 20:25:34,813 - INFO - Loaded 3662 devices total from Microsoft.csv
2026-01-22 20:25:34,813 - INFO - Loaded 3674 devices total from Mitac.csv
2026-01-22 20:25:34,835 - INFO - Loaded 3699 devices total from Mitsubishi.csv
2026-01-22 20:25:34,842 - INFO - Loaded 3707 devices total from Modu.csv
2026-01-22 20:25:34,850 - INFO - Loaded 3712 devices total from Mwg.csv
2026-01-22 20:25:34,865 - INFO - Loaded 3808 devices total from Nec.csv
2026-01-22 20:25:34,873 - INFO - Loaded 3811 devices total from Neonode.csv
2026-01-22 20:25:34,882 - INFO - Loaded 3841 devices total from Niu.csv
2026-01-22 20:25:34,894 - INFO - Loaded 3854 devices total from Nokia.csv
2026-01-22 20:25:34,902 - INFO - Loaded 3855 devices total from Nothing.csv
2026-01-22 20:25:34,908 - INFO - Loaded 3858 devices total from Nvidia.csv
2026-01-22 20:25:34,908 - INFO - Loaded 3903 devices total from O2.csv
2026-01-22 20:25:34,924 - INFO - Loaded 3922 devices total from Orange.csv
2026-01-22 20:25:34,938 - INFO - Loaded 3953 devices total from Oscal.csv
2026-01-22 20:25:34,948 - INFO - Loaded 3960 devices total from Oukitel.csv
2026-01-22 20:25:34,956 - INFO - Loaded 3977 devices total from Palm.csv
2026-01-22 20:25:34,969 - INFO - Loaded 4115 devices total from Panasonic.csv
2026-01-22 20:25:34,992 - INFO - Loaded 4209 devices total from Pantech.csv
2026-01-22 20:25:34,999 - INFO - Loaded 4219 devices total from Parla.csv
2026-01-22 20:25:35,014 - INFO - Loaded 4356 devices total from Philips.csv
2026-01-22 20:25:35,038 - INFO - Loaded 4519 devices total from Plum.csv
2026-01-22 20:25:35,047 - INFO - Loaded 4549 devices total from Posh.csv
2026-01-22 20:25:35,056 - INFO - Loaded 4611 devices total from Prestigio.csv
2026-01-22 20:25:35,063 - INFO - Loaded 4741 devices total from Qmobile.csv
2026-01-22 20:25:35,084 - INFO - Loaded 4762 devices total from Qtek.csv
2026-01-22 20:25:35,093 - INFO - Loaded 4764 devices total from Razer.csv
2026-01-22 20:25:35,101 - INFO - Loaded 4766 devices total from Rugone.csv
2026-01-22 20:25:35,118 - INFO - Loaded 4897 devices total from Sagem.csv
2026-01-22 20:25:35,118 - INFO - Loaded 4916 devices total from Sendo.csv
2026-01-22 20:25:35,138 - INFO - Loaded 4941 devices total from Sewon.csv
2026-01-22 20:25:35,151 - INFO - Reached device limit: 5000
2026-01-22 20:25:35,151 - INFO - Imputing missing specs...
2026-01-22 20:25:38,905 - INFO - Filtering invalid devices...
2026-01-22 20:25:38,906 - INFO - Kept 5000/5000 devices (filtered 0 with >2 missing 
specs)
2026-01-22 20:25:38,985 - INFO - Recommender trained on 5000 devices
2026-01-22 20:25:38,986 - INFO - 
\U0001f504 Testing prompt variations for: '8GB RAM requirement'
2026-01-22 20:25:38,986 - INFO - 
\U0001f4dd Direct requirement:
2026-01-22 20:25:38,986 - INFO -    Query: "I need a phone with 8GB RAM"
2026-01-22 20:25:39,006 - INFO -    Detected RAM requirement: Not detectedGB
2026-01-22 20:25:39,020 - INFO - After filters: 0 devices remaining
2026-01-22 20:25:39,030 - WARNING - No devices after filters; relaxing min_ram_gb 
-> 2224 devices
2026-01-22 20:25:39,124 - ERROR -    Error: '<=' not supported between instances of 
'float' and 'NoneType'
2026-01-22 20:25:39,124 - INFO - 
\U0001f4dd Alternative phrasing:
2026-01-22 20:25:39,124 - INFO -    Query: "I want at least 8GB of RAM"
2026-01-22 20:25:39,151 - INFO -    Detected RAM requirement: Not detectedGB
2026-01-22 20:25:39,161 - INFO - After filters: 0 devices remaining
2026-01-22 20:25:39,168 - WARNING - No devices after filters; relaxing min_ram_gb 
-> 2224 devices
2026-01-22 20:25:39,266 - ERROR -    Error: '<=' not supported between instances of 
'float' and 'NoneType'
2026-01-22 20:25:39,266 - INFO - 
\U0001f4dd Range expression:
2026-01-22 20:25:39,266 - INFO -    Query: "The phone should have 8GB or more RAM"
2026-01-22 20:25:39,287 - INFO -    Detected RAM requirement: Not detectedGB
2026-01-22 20:25:39,298 - INFO - After filters: 2224 devices remaining
2026-01-22 20:25:39,393 - ERROR -    Error: '<=' not supported between instances of 
'float' and 'NoneType'
2026-01-22 20:25:39,393 - INFO - 
\U0001f4dd Negative phrasing:
2026-01-22 20:25:39,393 - INFO -    Query: "I can't go below 8GB RAM"
2026-01-22 20:25:39,414 - INFO -    Detected RAM requirement: Not detectedGB
2026-01-22 20:25:39,423 - INFO - After filters: 0 devices remaining
2026-01-22 20:25:39,435 - WARNING - No devices after filters; relaxing min_ram_gb 
-> 0 devices
2026-01-22 20:25:39,435 - WARNING - No devices passed filters even after relaxation
2026-01-22 20:25:39,437 - INFO - 
\U0001f4dd Emphasis expression:
2026-01-22 20:25:39,437 - INFO -    Query: "8GB minimum RAM is essential"
2026-01-22 20:25:39,449 - INFO -    Detected RAM requirement: Not detectedGB
2026-01-22 20:25:39,466 - INFO - After filters: 2224 devices remaining
2026-01-22 20:25:39,564 - ERROR -    Error: '<=' not supported between instances of 
'float' and 'NoneType'
2026-01-22 20:25:39,564 - INFO - 
================================================================================
2026-01-22 20:25:39,564 - INFO - CONFLICTING REQUIREMENTS TESTING
2026-01-22 20:25:39,564 - INFO - 
================================================================================
2026-01-22 20:25:39,570 - INFO - Found 126 CSV files
2026-01-22 20:25:39,584 - INFO - Loaded 3 devices total from Apple.csv
2026-01-22 20:25:39,595 - INFO - Loaded 4 devices total from Asus.csv
2026-01-22 20:25:39,604 - INFO - Loaded 9 devices total from Garmin_Asus.csv
2026-01-22 20:25:39,615 - INFO - Loaded 10 devices total from Google.csv
2026-01-22 20:25:39,627 - INFO - Loaded 13 devices total from Motorola.csv
2026-01-22 20:25:39,640 - INFO - Loaded 23 devices total from Oneplus.csv
2026-01-22 20:25:39,650 - INFO - Loaded 55 devices total from Oppo.csv
2026-01-22 20:25:39,666 - INFO - Loaded 56 devices total from Realme.csv
2026-01-22 20:25:39,666 - INFO - Loaded 58 devices total from Samsung.csv
2026-01-22 20:25:39,699 - INFO - Loaded 270 devices total from Sony.csv
2026-01-22 20:25:39,714 - INFO - Loaded 399 devices total from Sony_Ericsson.csv
2026-01-22 20:25:39,736 - INFO - Loaded 406 devices total from Vivo.csv
2026-01-22 20:25:39,748 - INFO - Loaded 407 devices total from Xiaomi.csv
2026-01-22 20:25:39,765 - INFO - Loaded 492 devices total from Acer.csv
2026-01-22 20:25:39,765 - INFO - Loaded 493 devices total from Alcatel.csv
2026-01-22 20:25:39,796 - INFO - Loaded 651 devices total from Allview.csv
2026-01-22 20:25:39,803 - INFO - Loaded 676 devices total from Amazon.csv
2026-01-22 20:25:39,803 - INFO - Loaded 723 devices total from Amoi.csv
2026-01-22 20:25:39,819 - INFO - Loaded 766 devices total from Archos.csv
2026-01-22 20:25:39,835 - INFO - Loaded 770 devices total from At&T.csv
2026-01-22 20:25:39,842 - INFO - Loaded 779 devices total from Benefon.csv
2026-01-22 20:25:39,852 - INFO - Loaded 814 devices total from Benq.csv
2026-01-22 20:25:39,852 - INFO - Loaded 842 devices total from Benq_Siemens.csv
2026-01-22 20:25:39,875 - INFO - Loaded 914 devices total from Bird.csv
2026-01-22 20:25:39,891 - INFO - Loaded 1010 devices total from Blackberry.csv
2026-01-22 20:25:39,903 - INFO - Loaded 1012 devices total from Blackview.csv
2026-01-22 20:25:39,947 - INFO - Loaded 1389 devices total from Blu.csv
2026-01-22 20:25:39,949 - INFO - Loaded 1399 devices total from Bosch.csv
2026-01-22 20:25:39,949 - INFO - Loaded 1419 devices total from Bq.csv
2026-01-22 20:25:39,965 - INFO - Loaded 1424 devices total from Casio.csv
2026-01-22 20:25:39,965 - INFO - Loaded 1446 devices total from Cat.csv
2026-01-22 20:25:39,998 - INFO - Loaded 1665 devices total from Celkon.csv
2026-01-22 20:25:39,998 - INFO - Loaded 1677 devices total from Chea.csv
2026-01-22 20:25:40,015 - INFO - Loaded 1733 devices total from Coolpad.csv
2026-01-22 20:25:40,029 - INFO - Loaded 1734 devices total from Cubot.csv
2026-01-22 20:25:40,041 - INFO - Loaded 1754 devices total from Dell.csv
2026-01-22 20:25:40,050 - INFO - Loaded 1755 devices total from Doogee.csv
2026-01-22 20:25:40,053 - INFO - Loaded 1770 devices total from Emporia.csv
2026-01-22 20:25:40,065 - INFO - Loaded 1780 devices total from Energizer.csv
2026-01-22 20:25:40,078 - INFO - Loaded 1820 devices total from Ericsson.csv
2026-01-22 20:25:40,085 - INFO - Loaded 1842 devices total from Eten.csv
2026-01-22 20:25:40,096 - INFO - Loaded 1847 devices total from Fairphone.csv
2026-01-22 20:25:40,102 - INFO - Loaded 1849 devices total from Fujitsu_Siemens.csv
2026-01-22 20:25:40,115 - INFO - Loaded 1925 devices total from Gigabyte.csv
2026-01-22 20:25:40,134 - INFO - Loaded 2042 devices total from Gionee.csv
2026-01-22 20:25:40,240 - INFO - Loaded 2110 devices total from Haier.csv
2026-01-22 20:25:40,248 - INFO - Loaded 2112 devices total from Hmd.csv
2026-01-22 20:25:40,261 - INFO - Loaded 2147 devices total from Honor.csv
2026-01-22 20:25:40,267 - INFO - Loaded 2188 devices total from Hp.csv
2026-01-22 20:25:40,303 - INFO - Loaded 2534 devices total from Htc.csv
2026-01-22 20:25:40,319 - INFO - Loaded 2548 devices total from Huawei.csv
2026-01-22 20:25:40,341 - INFO - Loaded 2582 devices total from I_Mate.csv
2026-01-22 20:25:40,352 - INFO - Loaded 2619 devices total from I_Mobile.csv
2026-01-22 20:25:40,365 - INFO - Loaded 2691 devices total from Icemobile.csv
2026-01-22 20:25:40,367 - INFO - Loaded 2755 devices total from Infinix.csv
2026-01-22 20:25:40,388 - INFO - Loaded 2773 devices total from Innostream.csv
2026-01-22 20:25:40,396 - INFO - Loaded 2778 devices total from Inq.csv
2026-01-22 20:25:40,404 - INFO - Loaded 2793 devices total from Intex.csv
2026-01-22 20:25:40,408 - INFO - Loaded 2800 devices total from Itel.csv
2026-01-22 20:25:40,408 - INFO - Loaded 2805 devices total from Jolla.csv
2026-01-22 20:25:40,423 - INFO - Loaded 2875 devices total from Karbonn.csv
2026-01-22 20:25:40,442 - INFO - Loaded 2903 devices total from Kyocera.csv
2026-01-22 20:25:40,449 - INFO - Loaded 2905 devices total from Lava.csv
2026-01-22 20:25:40,449 - INFO - Loaded 2914 devices total from Leeco.csv
2026-01-22 20:25:40,488 - INFO - Loaded 3136 devices total from Lenovo.csv
2026-01-22 20:25:40,498 - INFO - Loaded 3170 devices total from Lg.csv
2026-01-22 20:25:40,498 - INFO - Loaded 3201 devices total from Maxon.csv
2026-01-22 20:25:40,517 - INFO - Loaded 3242 devices total from Maxwest.csv
2026-01-22 20:25:40,542 - INFO - Loaded 3366 devices total from Meizu.csv
2026-01-22 20:25:40,573 - INFO - Loaded 3630 devices total from Micromax.csv
2026-01-22 20:25:40,584 - INFO - Loaded 3662 devices total from Microsoft.csv
2026-01-22 20:25:40,593 - INFO - Loaded 3674 devices total from Mitac.csv
2026-01-22 20:25:40,602 - INFO - Loaded 3699 devices total from Mitsubishi.csv
2026-01-22 20:25:40,602 - INFO - Loaded 3707 devices total from Modu.csv
2026-01-22 20:25:40,602 - INFO - Loaded 3712 devices total from Mwg.csv
2026-01-22 20:25:40,619 - INFO - Loaded 3808 devices total from Nec.csv
2026-01-22 20:25:40,639 - INFO - Loaded 3811 devices total from Neonode.csv
2026-01-22 20:25:40,648 - INFO - Loaded 3841 devices total from Niu.csv
2026-01-22 20:25:40,650 - INFO - Loaded 3854 devices total from Nokia.csv
2026-01-22 20:25:40,666 - INFO - Loaded 3855 devices total from Nothing.csv
2026-01-22 20:25:40,672 - INFO - Loaded 3858 devices total from Nvidia.csv
2026-01-22 20:25:40,686 - INFO - Loaded 3903 devices total from O2.csv
2026-01-22 20:25:40,694 - INFO - Loaded 3922 devices total from Orange.csv
2026-01-22 20:25:40,699 - INFO - Loaded 3953 devices total from Oscal.csv
2026-01-22 20:25:40,699 - INFO - Loaded 3960 devices total from Oukitel.csv
2026-01-22 20:25:40,715 - INFO - Loaded 3977 devices total from Palm.csv
2026-01-22 20:25:40,742 - INFO - Loaded 4115 devices total from Panasonic.csv
2026-01-22 20:25:40,754 - INFO - Loaded 4209 devices total from Pantech.csv
2026-01-22 20:25:40,765 - INFO - Loaded 4219 devices total from Parla.csv
2026-01-22 20:25:40,785 - INFO - Loaded 4356 devices total from Philips.csv
2026-01-22 20:25:40,808 - INFO - Loaded 4519 devices total from Plum.csv
2026-01-22 20:25:40,819 - INFO - Loaded 4549 devices total from Posh.csv
2026-01-22 20:25:40,819 - INFO - Loaded 4611 devices total from Prestigio.csv
2026-01-22 20:25:40,850 - INFO - Loaded 4741 devices total from Qmobile.csv
2026-01-22 20:25:40,852 - INFO - Loaded 4762 devices total from Qtek.csv
2026-01-22 20:25:40,852 - INFO - Loaded 4764 devices total from Razer.csv
2026-01-22 20:25:40,875 - INFO - Loaded 4766 devices total from Rugone.csv
2026-01-22 20:25:40,897 - INFO - Loaded 4897 devices total from Sagem.csv
2026-01-22 20:25:40,906 - INFO - Loaded 4916 devices total from Sendo.csv
2026-01-22 20:25:40,907 - INFO - Loaded 4941 devices total from Sewon.csv
2026-01-22 20:25:40,923 - INFO - Reached device limit: 5000
2026-01-22 20:25:40,923 - INFO - Imputing missing specs...
2026-01-22 20:25:44,666 - INFO - Filtering invalid devices...
2026-01-22 20:25:44,666 - INFO - Kept 5000/5000 devices (filtered 0 with >2 missing 
specs)
2026-01-22 20:25:44,746 - INFO - Recommender trained on 5000 devices
2026-01-22 20:25:44,747 - INFO - 
\u26a0\ufe0f Testing conflicting requirements:
2026-01-22 20:25:44,747 - INFO - 
\U0001f500 Budget vs. Performance:
2026-01-22 20:25:44,747 - INFO -    Prompt: "I need a flagship phone but my budget 
is only $300"
2026-01-22 20:25:44,770 - INFO -    Parsed as:
2026-01-22 20:25:44,770 - INFO -    - query: I need a flagship phone but my budget 
is only $300
2026-01-22 20:25:44,770 - INFO -    - device_type: ['mobile']
2026-01-22 20:25:44,770 - INFO -    - brand_preference: ['OnePlus', 'Poco', 
'Realme']
2026-01-22 20:25:44,770 - INFO -    - use_case: budget
2026-01-22 20:25:44,770 - INFO -    - budget: 300.0
2026-01-22 20:25:44,770 - INFO -    - priority: balanced
2026-01-22 20:25:44,770 - INFO -    - confidence: 0.7
2026-01-22 20:25:44,785 - INFO - After filters: 0 devices remaining
2026-01-22 20:25:44,785 - WARNING - No devices passed filters even after relaxation
2026-01-22 20:25:44,785 - INFO - 
\U0001f500 Gaming vs. Battery:
2026-01-22 20:25:44,785 - INFO -    Prompt: "I want a gaming phone but battery life 
is more important"
2026-01-22 20:25:44,807 - INFO -    Parsed as:
2026-01-22 20:25:44,807 - INFO -    - query: I want a gaming phone but battery life 
is more important
2026-01-22 20:25:44,807 - INFO -    - device_type: ['mobile']
2026-01-22 20:25:44,807 - INFO -    - use_case: gaming
2026-01-22 20:25:44,807 - INFO -    - secondary_use_cases: ['battery']
2026-01-22 20:25:44,807 - INFO -    - priority: balanced
2026-01-22 20:25:44,807 - INFO -    - confidence: 1.0
2026-01-22 20:25:44,816 - INFO - After filters: 2224 devices remaining
2026-01-22 20:25:44,926 - ERROR -    Error: '<=' not supported between instances of 
'float' and 'NoneType'
2026-01-22 20:25:44,927 - INFO - 
\U0001f500 Premium vs. Budget:
2026-01-22 20:25:44,927 - INFO -    Prompt: "I need an ultra-premium phone but want 
to spend less than $500"
2026-01-22 20:25:44,952 - INFO -    Parsed as:
2026-01-22 20:25:44,952 - INFO -    - query: I need an ultra-premium phone but want 
to spend less than $500
2026-01-22 20:25:44,952 - INFO -    - device_type: ['mobile']
2026-01-22 20:25:44,952 - INFO -    - budget: 500.0
2026-01-22 20:25:44,952 - INFO -    - priority: balanced
2026-01-22 20:25:44,952 - INFO -    - confidence: 1.0
2026-01-22 20:25:44,966 - INFO - After filters: 0 devices remaining
2026-01-22 20:25:44,966 - WARNING - No devices passed filters even after relaxation
2026-01-22 20:25:44,966 - INFO - 
\U0001f500 Weight vs. Battery:
2026-01-22 20:25:44,966 - INFO -    Prompt: "I prefer lightweight phone but need 
6000mAh battery"
2026-01-22 20:25:44,988 - INFO -    Parsed as:
2026-01-22 20:25:44,989 - INFO -    - query: I prefer lightweight phone but need 
6000mAh battery
2026-01-22 20:25:44,989 - INFO -    - device_type: ['mobile']
2026-01-22 20:25:44,989 - INFO -    - use_case: battery
2026-01-22 20:25:44,989 - INFO -    - priority: balanced
2026-01-22 20:25:44,989 - INFO -    - confidence: 1.0
2026-01-22 20:25:44,999 - INFO - After filters: 0 devices remaining
2026-01-22 20:25:45,010 - WARNING - No devices after filters; relaxing min_battery 
-> 2224 devices
2026-01-22 20:25:45,116 - ERROR -    Error: '<=' not supported between instances of 
'float' and 'NoneType'
2026-01-22 20:25:45,116 - INFO - 
\U0001f500 Latest vs. Budget:
2026-01-22 20:25:45,116 - INFO -    Prompt: "I want the latest flagship but need a 
$200 budget"
2026-01-22 20:25:45,141 - INFO -    Parsed as:
2026-01-22 20:25:45,141 - INFO -    - query: I want the latest flagship but need a 
$200 budget
2026-01-22 20:25:45,141 - INFO -    - device_type: ['mobile']
2026-01-22 20:25:45,141 - INFO -    - brand_preference: ['OnePlus', 'Poco', 
'Realme']
2026-01-22 20:25:45,142 - INFO -    - use_case: budget
2026-01-22 20:25:45,142 - INFO -    - budget: 200.0
2026-01-22 20:25:45,142 - INFO -    - priority: balanced
2026-01-22 20:25:45,142 - INFO -    - confidence: 0.7
2026-01-22 20:25:45,156 - INFO - After filters: 0 devices remaining
2026-01-22 20:25:45,156 - WARNING - No devices passed filters even after relaxation
2026-01-22 20:25:45,160 - INFO - 
================================================================================
2026-01-22 20:25:45,160 - INFO - IMPLICIT REQUIREMENTS TESTING
2026-01-22 20:25:45,160 - INFO - 
================================================================================
2026-01-22 20:25:45,162 - INFO - Found 126 CSV files
2026-01-22 20:25:45,177 - INFO - Loaded 3 devices total from Apple.csv
2026-01-22 20:25:45,189 - INFO - Loaded 4 devices total from Asus.csv
2026-01-22 20:25:45,198 - INFO - Loaded 9 devices total from Garmin_Asus.csv
2026-01-22 20:25:45,207 - INFO - Loaded 10 devices total from Google.csv
2026-01-22 20:25:45,219 - INFO - Loaded 13 devices total from Motorola.csv
2026-01-22 20:25:45,231 - INFO - Loaded 23 devices total from Oneplus.csv
2026-01-22 20:25:45,249 - INFO - Loaded 55 devices total from Oppo.csv
2026-01-22 20:25:45,258 - INFO - Loaded 56 devices total from Realme.csv
2026-01-22 20:25:45,266 - INFO - Loaded 58 devices total from Samsung.csv
2026-01-22 20:25:45,299 - INFO - Loaded 270 devices total from Sony.csv
2026-01-22 20:25:45,318 - INFO - Loaded 399 devices total from Sony_Ericsson.csv
2026-01-22 20:25:45,338 - INFO - Loaded 406 devices total from Vivo.csv
2026-01-22 20:25:45,351 - INFO - Loaded 407 devices total from Xiaomi.csv
2026-01-22 20:25:45,366 - INFO - Loaded 492 devices total from Acer.csv
2026-01-22 20:25:45,373 - INFO - Loaded 493 devices total from Alcatel.csv
2026-01-22 20:25:45,397 - INFO - Loaded 651 devices total from Allview.csv
2026-01-22 20:25:45,407 - INFO - Loaded 676 devices total from Amazon.csv
2026-01-22 20:25:45,407 - INFO - Loaded 723 devices total from Amoi.csv
2026-01-22 20:25:45,422 - INFO - Loaded 766 devices total from Archos.csv
2026-01-22 20:25:45,422 - INFO - Loaded 770 devices total from At&T.csv
2026-01-22 20:25:45,441 - INFO - Loaded 779 devices total from Benefon.csv
2026-01-22 20:25:45,452 - INFO - Loaded 814 devices total from Benq.csv
2026-01-22 20:25:45,461 - INFO - Loaded 842 devices total from Benq_Siemens.csv
2026-01-22 20:25:45,473 - INFO - Loaded 914 devices total from Bird.csv
2026-01-22 20:25:45,491 - INFO - Loaded 1010 devices total from Blackberry.csv
2026-01-22 20:25:45,497 - INFO - Loaded 1012 devices total from Blackview.csv
2026-01-22 20:25:45,542 - INFO - Loaded 1389 devices total from Blu.csv
2026-01-22 20:25:45,550 - INFO - Loaded 1399 devices total from Bosch.csv
2026-01-22 20:25:45,559 - INFO - Loaded 1419 devices total from Bq.csv
2026-01-22 20:25:45,559 - INFO - Loaded 1424 devices total from Casio.csv
2026-01-22 20:25:45,573 - INFO - Loaded 1446 devices total from Cat.csv
2026-01-22 20:25:45,603 - INFO - Loaded 1665 devices total from Celkon.csv
2026-01-22 20:25:45,607 - INFO - Loaded 1677 devices total from Chea.csv
2026-01-22 20:25:45,616 - INFO - Loaded 1733 devices total from Coolpad.csv
2026-01-22 20:25:45,634 - INFO - Loaded 1734 devices total from Cubot.csv
2026-01-22 20:25:45,643 - INFO - Loaded 1754 devices total from Dell.csv
2026-01-22 20:25:45,650 - INFO - Loaded 1755 devices total from Doogee.csv
2026-01-22 20:25:45,657 - INFO - Loaded 1770 devices total from Emporia.csv
2026-01-22 20:25:45,665 - INFO - Loaded 1780 devices total from Energizer.csv
2026-01-22 20:25:45,673 - INFO - Loaded 1820 devices total from Ericsson.csv
2026-01-22 20:25:45,690 - INFO - Loaded 1842 devices total from Eten.csv
2026-01-22 20:25:45,696 - INFO - Loaded 1847 devices total from Fairphone.csv
2026-01-22 20:25:45,698 - INFO - Loaded 1849 devices total from Fujitsu_Siemens.csv
2026-01-22 20:25:45,714 - INFO - Loaded 1925 devices total from Gigabyte.csv
2026-01-22 20:25:45,739 - INFO - Loaded 2042 devices total from Gionee.csv
2026-01-22 20:25:45,747 - INFO - Loaded 2110 devices total from Haier.csv
2026-01-22 20:25:45,747 - INFO - Loaded 2112 devices total from Hmd.csv
2026-01-22 20:25:45,774 - INFO - Loaded 2147 devices total from Honor.csv
2026-01-22 20:25:45,786 - INFO - Loaded 2188 devices total from Hp.csv
2026-01-22 20:25:45,828 - INFO - Loaded 2534 devices total from Htc.csv
2026-01-22 20:25:45,842 - INFO - Loaded 2548 devices total from Huawei.csv
2026-01-22 20:25:45,851 - INFO - Loaded 2582 devices total from I_Mate.csv
2026-01-22 20:25:45,851 - INFO - Loaded 2619 devices total from I_Mobile.csv
2026-01-22 20:25:45,867 - INFO - Loaded 2691 devices total from Icemobile.csv
2026-01-22 20:25:45,887 - INFO - Loaded 2755 devices total from Infinix.csv
2026-01-22 20:25:45,896 - INFO - Loaded 2773 devices total from Innostream.csv
2026-01-22 20:25:45,903 - INFO - Loaded 2778 devices total from Inq.csv
2026-01-22 20:25:45,906 - INFO - Loaded 2793 devices total from Intex.csv
2026-01-22 20:25:45,906 - INFO - Loaded 2800 devices total from Itel.csv
2026-01-22 20:25:45,922 - INFO - Loaded 2805 devices total from Jolla.csv
2026-01-22 20:25:45,939 - INFO - Loaded 2875 devices total from Karbonn.csv
2026-01-22 20:25:45,948 - INFO - Loaded 2903 devices total from Kyocera.csv
2026-01-22 20:25:45,957 - INFO - Loaded 2905 devices total from Lava.csv
2026-01-22 20:25:45,964 - INFO - Loaded 2914 devices total from Leeco.csv
2026-01-22 20:25:45,995 - INFO - Loaded 3136 devices total from Lenovo.csv
2026-01-22 20:25:46,005 - INFO - Loaded 3170 devices total from Lg.csv
2026-01-22 20:25:46,005 - INFO - Loaded 3201 devices total from Maxon.csv
2026-01-22 20:25:46,019 - INFO - Loaded 3242 devices total from Maxwest.csv
2026-01-22 20:25:46,047 - INFO - Loaded 3366 devices total from Meizu.csv
2026-01-22 20:25:46,074 - INFO - Loaded 3630 devices total from Micromax.csv
2026-01-22 20:25:46,089 - INFO - Loaded 3662 devices total from Microsoft.csv
2026-01-22 20:25:46,097 - INFO - Loaded 3674 devices total from Mitac.csv
2026-01-22 20:25:46,101 - INFO - Loaded 3699 devices total from Mitsubishi.csv
2026-01-22 20:25:46,101 - INFO - Loaded 3707 devices total from Modu.csv
2026-01-22 20:25:46,117 - INFO - Loaded 3712 devices total from Mwg.csv
2026-01-22 20:25:46,133 - INFO - Loaded 3808 devices total from Nec.csv
2026-01-22 20:25:46,141 - INFO - Loaded 3811 devices total from Neonode.csv
2026-01-22 20:25:46,150 - INFO - Loaded 3841 devices total from Niu.csv
2026-01-22 20:25:46,150 - INFO - Loaded 3854 devices total from Nokia.csv
2026-01-22 20:25:46,166 - INFO - Loaded 3855 devices total from Nothing.csv
2026-01-22 20:25:46,175 - INFO - Loaded 3858 devices total from Nvidia.csv
2026-01-22 20:25:46,189 - INFO - Loaded 3903 devices total from O2.csv
2026-01-22 20:25:46,197 - INFO - Loaded 3922 devices total from Orange.csv
2026-01-22 20:25:46,198 - INFO - Loaded 3953 devices total from Oscal.csv
2026-01-22 20:25:46,214 - INFO - Loaded 3960 devices total from Oukitel.csv
2026-01-22 20:25:46,214 - INFO - Loaded 3977 devices total from Palm.csv
2026-01-22 20:25:46,247 - INFO - Loaded 4115 devices total from Panasonic.csv
2026-01-22 20:25:46,247 - INFO - Loaded 4209 devices total from Pantech.csv
2026-01-22 20:25:46,262 - INFO - Loaded 4219 devices total from Parla.csv
2026-01-22 20:25:46,280 - INFO - Loaded 4356 devices total from Philips.csv
2026-01-22 20:25:46,303 - INFO - Loaded 4519 devices total from Plum.csv
2026-01-22 20:25:46,318 - INFO - Loaded 4549 devices total from Posh.csv
2026-01-22 20:25:46,318 - INFO - Loaded 4611 devices total from Prestigio.csv
2026-01-22 20:25:46,351 - INFO - Loaded 4741 devices total from Qmobile.csv
2026-01-22 20:25:46,357 - INFO - Loaded 4762 devices total from Qtek.csv
2026-01-22 20:25:46,367 - INFO - Loaded 4764 devices total from Razer.csv
2026-01-22 20:25:46,367 - INFO - Loaded 4766 devices total from Rugone.csv
2026-01-22 20:25:46,394 - INFO - Loaded 4897 devices total from Sagem.csv
2026-01-22 20:25:46,403 - INFO - Loaded 4916 devices total from Sendo.csv
2026-01-22 20:25:46,407 - INFO - Loaded 4941 devices total from Sewon.csv
2026-01-22 20:25:46,427 - INFO - Reached device limit: 5000
2026-01-22 20:25:46,427 - INFO - Imputing missing specs...
2026-01-22 20:25:50,202 - INFO - Filtering invalid devices...
2026-01-22 20:25:50,204 - INFO - Kept 5000/5000 devices (filtered 0 with >2 missing 
specs)
2026-01-22 20:25:50,278 - INFO - Recommender trained on 5000 devices
2026-01-22 20:25:50,280 - INFO - 
\U0001f3ad Testing implicit requirements:
2026-01-22 20:25:50,280 - INFO - 
\U0001f4a1 Implication: Implies: fast shipping, good battery
2026-01-22 20:25:50,280 - INFO -    Prompt: "I travel a lot and my flight is 
tomorrow"
2026-01-22 20:25:50,302 - INFO -    Detected preferences:
2026-01-22 20:25:50,302 - INFO -    - query: I travel a lot and my flight is 
tomorrow
2026-01-22 20:25:50,302 - INFO -    - device_type: ['mobile']
2026-01-22 20:25:50,302 - INFO -    - use_case: battery
2026-01-22 20:25:50,302 - INFO -    - must_have_features: ['battery']
2026-01-22 20:25:50,302 - INFO -    - nice_to_have_features: ['dual sim', 
'lightweight']
2026-01-22 20:25:50,302 - INFO -    - priority: balanced
2026-01-22 20:25:50,302 - INFO -    - confidence: 1.0
2026-01-22 20:25:50,312 - INFO - After filters: 2224 devices remaining
2026-01-22 20:25:50,406 - ERROR -    Error: '<=' not supported between instances of 
'float' and 'NoneType'
2026-01-22 20:25:50,406 - INFO - 
\U0001f4a1 Implication: Implies: reliable in tough conditions, good camera
2026-01-22 20:25:50,406 - INFO -    Prompt: "I'm a professional photographer in 
Africa"
2026-01-22 20:25:50,436 - INFO -    Detected preferences:
2026-01-22 20:25:50,436 - INFO -    - query: I'm a professional photographer in 
Africa
2026-01-22 20:25:50,436 - INFO -    - device_type: ['mobile']
2026-01-22 20:25:50,436 - INFO -    - use_case: photography
2026-01-22 20:25:50,436 - INFO -    - secondary_use_cases: ['business']
2026-01-22 20:25:50,436 - INFO -    - must_have_features: ['business']
2026-01-22 20:25:50,436 - INFO -    - nice_to_have_features: ['security', 'battery']
2026-01-22 20:25:50,436 - INFO -    - priority: balanced
2026-01-22 20:25:50,436 - INFO -    - confidence: 1.0
2026-01-22 20:25:50,446 - INFO - After filters: 2224 devices remaining
2026-01-22 20:25:50,552 - ERROR -    Error: '<=' not supported between instances of 
'float' and 'NoneType'
2026-01-22 20:25:50,552 - INFO - 
\U0001f4a1 Implication: Implies: top performance, low latency
2026-01-22 20:25:50,552 - INFO -    Prompt: "I play competitively in esports 
tournaments"
2026-01-22 20:25:50,575 - INFO -    Detected preferences:
2026-01-22 20:25:50,575 - INFO -    - query: I play competitively in esports 
tournaments
2026-01-22 20:25:50,575 - INFO -    - device_type: ['mobile']
2026-01-22 20:25:50,575 - INFO -    - priority: balanced
2026-01-22 20:25:50,575 - INFO -    - confidence: 1.0
2026-01-22 20:25:50,583 - INFO - After filters: 2224 devices remaining
2026-01-22 20:25:50,695 - ERROR -    Error: '<=' not supported between instances of 
'float' and 'NoneType'
2026-01-22 20:25:50,695 - INFO - 
\U0001f4a1 Implication: Implies: durability, professional build
2026-01-22 20:25:50,696 - INFO -    Prompt: "I work in hospitals and need 
reliability"
2026-01-22 20:25:50,712 - INFO -    Detected preferences:
2026-01-22 20:25:50,714 - INFO -    - query: I work in hospitals and need 
reliability
2026-01-22 20:25:50,714 - INFO -    - device_type: ['mobile']
2026-01-22 20:25:50,714 - INFO -    - use_case: business
2026-01-22 20:25:50,714 - INFO -    - priority: balanced
2026-01-22 20:25:50,714 - INFO -    - confidence: 1.0
2026-01-22 20:25:50,718 - INFO - After filters: 2224 devices remaining
2026-01-22 20:25:50,832 - ERROR -    Error: '<=' not supported between instances of 
'float' and 'NoneType'
2026-01-22 20:25:50,832 - INFO - 
\U0001f4a1 Implication: Implies: good performance, productivity features
2026-01-22 20:25:50,832 - INFO -    Prompt: "I'm learning to code on my mobile"
2026-01-22 20:25:50,852 - INFO -    Detected preferences:
2026-01-22 20:25:50,852 - INFO -    - query: I'm learning to code on my mobile
2026-01-22 20:25:50,852 - INFO -    - device_type: ['mobile']
2026-01-22 20:25:50,852 - INFO -    - use_case: gaming
2026-01-22 20:25:50,852 - INFO -    - priority: balanced
2026-01-22 20:25:50,852 - INFO -    - confidence: 1.0
2026-01-22 20:25:50,864 - INFO - After filters: 2224 devices remaining
2026-01-22 20:25:50,963 - ERROR -    Error: '<=' not supported between instances of 
'float' and 'NoneType'
2026-01-22 20:25:50,967 - INFO - 
================================================================================
2026-01-22 20:25:50,967 - INFO - EDGE CASES TESTING
2026-01-22 20:25:50,967 - INFO - 
================================================================================
2026-01-22 20:25:50,969 - INFO - Found 126 CSV files
2026-01-22 20:25:50,979 - INFO - Loaded 3 devices total from Apple.csv
2026-01-22 20:25:50,989 - INFO - Loaded 4 devices total from Asus.csv
2026-01-22 20:25:50,998 - INFO - Loaded 9 devices total from Garmin_Asus.csv
2026-01-22 20:25:51,003 - INFO - Loaded 10 devices total from Google.csv
2026-01-22 20:25:51,020 - INFO - Loaded 13 devices total from Motorola.csv
2026-01-22 20:25:51,022 - INFO - Loaded 23 devices total from Oneplus.csv
2026-01-22 20:25:51,046 - INFO - Loaded 55 devices total from Oppo.csv
2026-01-22 20:25:51,052 - INFO - Loaded 56 devices total from Realme.csv
2026-01-22 20:25:51,067 - INFO - Loaded 58 devices total from Samsung.csv
2026-01-22 20:25:51,096 - INFO - Loaded 270 devices total from Sony.csv
2026-01-22 20:25:51,116 - INFO - Loaded 399 devices total from Sony_Ericsson.csv
2026-01-22 20:25:51,127 - INFO - Loaded 406 devices total from Vivo.csv
2026-01-22 20:25:51,145 - INFO - Loaded 407 devices total from Xiaomi.csv
2026-01-22 20:25:51,155 - INFO - Loaded 492 devices total from Acer.csv
2026-01-22 20:25:51,167 - INFO - Loaded 493 devices total from Alcatel.csv
2026-01-22 20:25:51,189 - INFO - Loaded 651 devices total from Allview.csv
2026-01-22 20:25:51,197 - INFO - Loaded 676 devices total from Amazon.csv
2026-01-22 20:25:51,208 - INFO - Loaded 723 devices total from Amoi.csv
2026-01-22 20:25:51,213 - INFO - Loaded 766 devices total from Archos.csv
2026-01-22 20:25:51,213 - INFO - Loaded 770 devices total from At&T.csv
2026-01-22 20:25:51,235 - INFO - Loaded 779 devices total from Benefon.csv
2026-01-22 20:25:51,245 - INFO - Loaded 814 devices total from Benq.csv
2026-01-22 20:25:51,253 - INFO - Loaded 842 devices total from Benq_Siemens.csv
2026-01-22 20:25:51,253 - INFO - Loaded 914 devices total from Bird.csv
2026-01-22 20:25:51,282 - INFO - Loaded 1010 devices total from Blackberry.csv
2026-01-22 20:25:51,294 - INFO - Loaded 1012 devices total from Blackview.csv
2026-01-22 20:25:51,333 - INFO - Loaded 1389 devices total from Blu.csv
2026-01-22 20:25:51,344 - INFO - Loaded 1399 devices total from Bosch.csv
2026-01-22 20:25:51,350 - INFO - Loaded 1419 devices total from Bq.csv
2026-01-22 20:25:51,356 - INFO - Loaded 1424 devices total from Casio.csv
2026-01-22 20:25:51,366 - INFO - Loaded 1446 devices total from Cat.csv
2026-01-22 20:25:51,395 - INFO - Loaded 1665 devices total from Celkon.csv
2026-01-22 20:25:51,403 - INFO - Loaded 1677 devices total from Chea.csv
2026-01-22 20:25:51,406 - INFO - Loaded 1733 devices total from Coolpad.csv
2026-01-22 20:25:51,422 - INFO - Loaded 1734 devices total from Cubot.csv
2026-01-22 20:25:51,431 - INFO - Loaded 1754 devices total from Dell.csv
2026-01-22 20:25:51,441 - INFO - Loaded 1755 devices total from Doogee.csv
2026-01-22 20:25:51,448 - INFO - Loaded 1770 devices total from Emporia.csv
2026-01-22 20:25:51,457 - INFO - Loaded 1780 devices total from Energizer.csv
2026-01-22 20:25:51,465 - INFO - Loaded 1820 devices total from Ericsson.csv
2026-01-22 20:25:51,465 - INFO - Loaded 1842 devices total from Eten.csv
2026-01-22 20:25:51,487 - INFO - Loaded 1847 devices total from Fairphone.csv
2026-01-22 20:25:51,496 - INFO - Loaded 1849 devices total from Fujitsu_Siemens.csv
2026-01-22 20:25:51,503 - INFO - Loaded 1925 devices total from Gigabyte.csv
2026-01-22 20:25:51,519 - INFO - Loaded 2042 devices total from Gionee.csv
2026-01-22 20:25:51,541 - INFO - Loaded 2110 devices total from Haier.csv
2026-01-22 20:25:51,549 - INFO - Loaded 2112 devices total from Hmd.csv
2026-01-22 20:25:51,552 - INFO - Loaded 2147 devices total from Honor.csv
2026-01-22 20:25:51,567 - INFO - Loaded 2188 devices total from Hp.csv
2026-01-22 20:25:51,616 - INFO - Loaded 2534 devices total from Htc.csv
2026-01-22 20:25:51,616 - INFO - Loaded 2548 devices total from Huawei.csv
2026-01-22 20:25:51,641 - INFO - Loaded 2582 devices total from I_Mate.csv
2026-01-22 20:25:51,649 - INFO - Loaded 2619 devices total from I_Mobile.csv
2026-01-22 20:25:51,649 - INFO - Loaded 2691 devices total from Icemobile.csv
2026-01-22 20:25:51,664 - INFO - Loaded 2755 devices total from Infinix.csv
2026-01-22 20:25:51,687 - INFO - Loaded 2773 devices total from Innostream.csv
2026-01-22 20:25:51,694 - INFO - Loaded 2778 devices total from Inq.csv
2026-01-22 20:25:51,702 - INFO - Loaded 2793 devices total from Intex.csv
2026-01-22 20:25:51,704 - INFO - Loaded 2800 devices total from Itel.csv
2026-01-22 20:25:51,717 - INFO - Loaded 2805 devices total from Jolla.csv
2026-01-22 20:25:51,729 - INFO - Loaded 2875 devices total from Karbonn.csv
2026-01-22 20:25:51,744 - INFO - Loaded 2903 devices total from Kyocera.csv
2026-01-22 20:25:51,753 - INFO - Loaded 2905 devices total from Lava.csv
2026-01-22 20:25:51,759 - INFO - Loaded 2914 devices total from Leeco.csv
2026-01-22 20:25:51,789 - INFO - Loaded 3136 devices total from Lenovo.csv
2026-01-22 20:25:51,803 - INFO - Loaded 3170 devices total from Lg.csv
2026-01-22 20:25:51,813 - INFO - Loaded 3201 devices total from Maxon.csv
2026-01-22 20:25:51,822 - INFO - Loaded 3242 devices total from Maxwest.csv
2026-01-22 20:25:51,842 - INFO - Loaded 3366 devices total from Meizu.csv
2026-01-22 20:25:51,873 - INFO - Loaded 3630 devices total from Micromax.csv
2026-01-22 20:25:51,883 - INFO - Loaded 3662 devices total from Microsoft.csv
2026-01-22 20:25:51,893 - INFO - Loaded 3674 devices total from Mitac.csv
2026-01-22 20:25:51,902 - INFO - Loaded 3699 devices total from Mitsubishi.csv
2026-01-22 20:25:51,906 - INFO - Loaded 3707 devices total from Modu.csv
2026-01-22 20:25:51,906 - INFO - Loaded 3712 devices total from Mwg.csv
2026-01-22 20:25:51,931 - INFO - Loaded 3808 devices total from Nec.csv
2026-01-22 20:25:51,939 - INFO - Loaded 3811 devices total from Neonode.csv
2026-01-22 20:25:51,948 - INFO - Loaded 3841 devices total from Niu.csv
2026-01-22 20:25:51,954 - INFO - Loaded 3854 devices total from Nokia.csv
2026-01-22 20:25:51,963 - INFO - Loaded 3855 devices total from Nothing.csv
2026-01-22 20:25:51,963 - INFO - Loaded 3858 devices total from Nvidia.csv
2026-01-22 20:25:51,983 - INFO - Loaded 3903 devices total from O2.csv
2026-01-22 20:25:51,994 - INFO - Loaded 3922 devices total from Orange.csv
2026-01-22 20:25:52,003 - INFO - Loaded 3953 devices total from Oscal.csv
2026-01-22 20:25:52,013 - INFO - Loaded 3960 devices total from Oukitel.csv
2026-01-22 20:25:52,019 - INFO - Loaded 3977 devices total from Palm.csv
2026-01-22 20:25:52,043 - INFO - Loaded 4115 devices total from Panasonic.csv
2026-01-22 20:25:52,052 - INFO - Loaded 4209 devices total from Pantech.csv
2026-01-22 20:25:52,067 - INFO - Loaded 4219 devices total from Parla.csv
2026-01-22 20:25:52,083 - INFO - Loaded 4356 devices total from Philips.csv
2026-01-22 20:25:52,106 - INFO - Loaded 4519 devices total from Plum.csv
2026-01-22 20:25:52,118 - INFO - Loaded 4549 devices total from Posh.csv
2026-01-22 20:25:52,120 - INFO - Loaded 4611 devices total from Prestigio.csv
2026-01-22 20:25:52,149 - INFO - Loaded 4741 devices total from Qmobile.csv
2026-01-22 20:25:52,149 - INFO - Loaded 4762 devices total from Qtek.csv
2026-01-22 20:25:52,149 - INFO - Loaded 4764 devices total from Razer.csv
2026-01-22 20:25:52,164 - INFO - Loaded 4766 devices total from Rugone.csv
2026-01-22 20:25:52,196 - INFO - Loaded 4897 devices total from Sagem.csv
2026-01-22 20:25:52,197 - INFO - Loaded 4916 devices total from Sendo.csv
2026-01-22 20:25:52,215 - INFO - Loaded 4941 devices total from Sewon.csv
2026-01-22 20:25:52,248 - INFO - Reached device limit: 5000
2026-01-22 20:25:52,249 - INFO - Imputing missing specs...
2026-01-22 20:25:56,100 - INFO - Filtering invalid devices...
2026-01-22 20:25:56,100 - INFO - Kept 5000/5000 devices (filtered 0 with >2 missing 
specs)
2026-01-22 20:25:56,192 - INFO - Recommender trained on 5000 devices
2026-01-22 20:25:56,192 - INFO - 
\U0001f527 Testing edge cases:
2026-01-22 20:25:56,193 - INFO - 
\u2699\ufe0f Empty prompt:
2026-01-22 20:25:56,193 - INFO -    Prompt: ""
2026-01-22 20:25:56,193 - WARNING -    Skipped empty prompt
2026-01-22 20:25:56,193 - INFO - 
\u2699\ufe0f Single word:
2026-01-22 20:25:56,193 - INFO -    Prompt: "phone"
2026-01-22 20:25:56,224 - INFO - After filters: 2224 devices remaining
2026-01-22 20:25:56,316 - WARNING -    \u26a0\ufe0f Handled gracefully: '<=' not 
supported between instances of 'float' and 'NoneTyp...
2026-01-22 20:25:56,316 - INFO - 
\u2699\ufe0f Vague hyperbole:
2026-01-22 20:25:56,316 - INFO -    Prompt: "the best phone ever made in history"
2026-01-22 20:25:56,350 - INFO - After filters: 2224 devices remaining
2026-01-22 20:25:56,458 - WARNING -    \u26a0\ufe0f Handled gracefully: '<=' not 
supported between instances of 'float' and 'NoneTyp...
2026-01-22 20:25:56,458 - INFO - 
\u2699\ufe0f Unrealistic expectations:
2026-01-22 20:25:56,458 - INFO -    Prompt: "I want Apple's iPhone but the price of 
a Samsung A10"
2026-01-22 20:25:56,492 - INFO - After filters: 2224 devices remaining
2026-01-22 20:25:56,641 - WARNING -    \u26a0\ufe0f Handled gracefully: '<=' not 
supported between instances of 'float' and 'NoneTyp...
2026-01-22 20:25:56,641 - INFO - 
\u2699\ufe0f Question format:
2026-01-22 20:25:56,641 - INFO -    Prompt: "What's the most expensive phone 
available?"
2026-01-22 20:25:56,673 - INFO - After filters: 2224 devices remaining
2026-01-22 20:25:56,771 - WARNING -    \u26a0\ufe0f Handled gracefully: '<=' not 
supported between instances of 'float' and 'NoneTyp...
2026-01-22 20:25:56,771 - INFO - 
\u2699\ufe0f Impossible requirement:
2026-01-22 20:25:56,771 - INFO -    Prompt: "Find me a phone that doesn't exist yet"
2026-01-22 20:25:56,807 - INFO - After filters: 2224 devices remaining
2026-01-22 20:25:56,911 - WARNING -    \u26a0\ufe0f Handled gracefully: '<=' not 
supported between instances of 'float' and 'NoneTyp...
2026-01-22 20:25:56,911 - INFO - 
\u2699\ufe0f Explicit exclusion:
2026-01-22 20:25:56,911 - INFO -    Prompt: "The phone should NOT be an iPhone"
2026-01-22 20:25:56,941 - INFO - After filters: 2224 devices remaining
2026-01-22 20:25:57,039 - WARNING -    \u26a0\ufe0f Handled gracefully: '<=' not 
supported between instances of 'float' and 'NoneTyp...
2026-01-22 20:25:57,042 - INFO - 
================================================================================
2026-01-22 20:25:57,043 - INFO - \u2705 ALL COMPLEX PROMPT TESTS COMPLETED
2026-01-22 20:25:57,043 - INFO - 
================================================================================

